============================================================
  luajit4cj 全平台自动交叉编译 + 打包
============================================================
  当前主机: WINDOWS (x86_64)
  平台清单: WINDOWS
  模式:     release
  架构:     x86_64
  库类型:   static,shared
  make:     C:\Program Files\Venv\C_Cpp\mingw-w64\x86_64-13.2.0-release-posix-seh-ucrt-rt_v11-rev0\mingw64\bin\mingw32-make.EXE
============================================================

===== 平台 WINDOWS（WINDOWS 主机）=====

----- 组合 luajit4cj-windows-x86_64-release-static / toolchain=mingw -----
  [release/x86_64] 清理 LuaJIT/src 构建产物 ...
  [release/x86_64] make HOST_CC=C:\Program Files\Venv\C_Cpp\mingw-w64\x86_64-13.2.0-release-posix-seh-ucrt-rt_v11-rev0\mingw64\bin\x86_64-w64-mingw32-gcc.exe TARGET_CC=C:\Program Files\Venv\C_Cpp\mingw-w64\x86_64-13.2.0-release-posix-seh-ucrt-rt_v11-rev0\mingw64\bin\x86_64-w64-mingw32-gcc.exe TARGET_STCC=C:\Program Files\Venv\C_Cpp\mingw-w64\x86_64-13.2.0-release-posix-seh-ucrt-rt_v11-rev0\mingw64\bin\x86_64-w64-mingw32-gcc.exe TARGET_DYNCC=C:\Program Files\Venv\C_Cpp\mingw-w64\x86_64-13.2.0-release-posix-seh-ucrt-rt_v11-rev0\mingw64\bin\x86_64-w64-mingw32-gcc.exe TARGET_SYS=Windows BUILDMODE=static Q= TARGET_AR=C:\Program Files\Venv\C_Cpp\mingw-w64\x86_64-13.2.0-release-posix-seh-ucrt-rt_v11-rev0\mingw64\bin\ar.exe rcus TARGET_LD=C:\Program Files\Venv\C_Cpp\mingw-w64\x86_64-13.2.0-release-posix-seh-ucrt-rt_v11-rev0\mingw64\bin\x86_64-w64-mingw32-gcc.exe TARGET_STRIP=C:\Program Files\Venv\C_Cpp\mingw-w64\x86_64-13.2.0-release-posix-seh-ucrt-rt_v11-rev0\mingw64\bin\strip.exe ...
    HOSTCC    host/minilua.o
    HOSTCC    host/buildvm_asm.o
    HOSTCC    host/buildvm_peobj.o
    C:\Program Files\Venv\C_Cpp\mingw-w64\x86_64-13.2.0-release-posix-seh-ucrt-rt_v11-rev0\mingw64\bin\x86_64-w64-mingw32-gcc.exe  -O2 -fomit-frame-pointer -Wall   -I. -DLUAJIT_TARGET=LUAJIT_ARCH_x64 -DLJ_ARCH_HASFPU=1 -DLJ_ABI_SOFTFP=0  -c -o host/minilua.o host/minilua.c
    HOSTCC    host/buildvm_lib.o
    C:\Program Files\Venv\C_Cpp\mingw-w64\x86_64-13.2.0-release-posix-seh-ucrt-rt_v11-rev0\mingw64\bin\x86_64-w64-mingw32-gcc.exe  -O2 -fomit-frame-pointer -Wall   -I. -DLUAJIT_TARGET=LUAJIT_ARCH_x64 -DLJ_ARCH_HASFPU=1 -DLJ_ABI_SOFTFP=0  -c -o host/buildvm_asm.o host/buildvm_asm.c
    HOSTCC    host/buildvm_fold.o
    C:\Program Files\Venv\C_Cpp\mingw-w64\x86_64-13.2.0-release-posix-seh-ucrt-rt_v11-rev0\mingw64\bin\x86_64-w64-mingw32-gcc.exe  -O2 -fomit-frame-pointer -Wall   -I. -DLUAJIT_TARGET=LUAJIT_ARCH_x64 -DLJ_ARCH_HASFPU=1 -DLJ_ABI_SOFTFP=0  -c -o host/buildvm_peobj.o host/buildvm_peobj.c
    CC        lj_assert.o
    C:\Program Files\Venv\C_Cpp\mingw-w64\x86_64-13.2.0-release-posix-seh-ucrt-rt_v11-rev0\mingw64\bin\x86_64-w64-mingw32-gcc.exe  -O2 -fomit-frame-pointer -Wall   -I. -DLUAJIT_TARGET=LUAJIT_ARCH_x64 -DLJ_ARCH_HASFPU=1 -DLJ_ABI_SOFTFP=0  -c -o host/buildvm_lib.o host/buildvm_lib.c
    CC        lj_gc.o
    C:\Program Files\Venv\C_Cpp\mingw-w64\x86_64-13.2.0-release-posix-seh-ucrt-rt_v11-rev0\mingw64\bin\x86_64-w64-mingw32-gcc.exe  -O2 -fomit-frame-pointer -Wall   -I. -DLUAJIT_TARGET=LUAJIT_ARCH_x64 -DLJ_ARCH_HASFPU=1 -DLJ_ABI_SOFTFP=0  -c -o host/buildvm_fold.o host/buildvm_fold.c
    C:\Program Files\Venv\C_Cpp\mingw-w64\x86_64-13.2.0-release-posix-seh-ucrt-rt_v11-rev0\mingw64\bin\x86_64-w64-mingw32-gcc.exe  -O2 -fomit-frame-pointer -Wall   -D_FILE_OFFSET_BITS=64 -D_LARGEFILE_SOURCE -U_FORTIFY_SOURCE    -c -o lj_assert_dyn.o lj_assert.c
    C:\Program Files\Venv\C_Cpp\mingw-w64\x86_64-13.2.0-release-posix-seh-ucrt-rt_v11-rev0\mingw64\bin\x86_64-w64-mingw32-gcc.exe  -O2 -fomit-frame-pointer -Wall   -D_FILE_OFFSET_BITS=64 -D_LARGEFILE_SOURCE -U_FORTIFY_SOURCE    -c -o lj_gc_dyn.o lj_gc.c
    CC        lj_char.o
    CC        lj_obj.o
    CC        lj_buf.o
    C:\Program Files\Venv\C_Cpp\mingw-w64\x86_64-13.2.0-release-posix-seh-ucrt-rt_v11-rev0\mingw64\bin\x86_64-w64-mingw32-gcc.exe  -O2 -fomit-frame-pointer -Wall   -D_FILE_OFFSET_BITS=64 -D_LARGEFILE_SOURCE -U_FORTIFY_SOURCE    -c -o lj_char_dyn.o lj_char.c
    C:\Program Files\Venv\C_Cpp\mingw-w64\x86_64-13.2.0-release-posix-seh-ucrt-rt_v11-rev0\mingw64\bin\x86_64-w64-mingw32-gcc.exe  -O2 -fomit-frame-pointer -Wall   -D_FILE_OFFSET_BITS=64 -D_LARGEFILE_SOURCE -U_FORTIFY_SOURCE    -c -o lj_obj_dyn.o lj_obj.c
    CC        lj_str.o
    C:\Program Files\Venv\C_Cpp\mingw-w64\x86_64-13.2.0-release-posix-seh-ucrt-rt_v11-rev0\mingw64\bin\x86_64-w64-mingw32-gcc.exe  -O2 -fomit-frame-pointer -Wall   -D_FILE_OFFSET_BITS=64 -D_LARGEFILE_SOURCE -U_FORTIFY_SOURCE    -c -o lj_buf_dyn.o lj_buf.c
    CC        lj_tab.o
    C:\Program Files\Venv\C_Cpp\mingw-w64\x86_64-13.2.0-release-posix-seh-ucrt-rt_v11-rev0\mingw64\bin\x86_64-w64-mingw32-gcc.exe  -O2 -fomit-frame-pointer -Wall   -D_FILE_OFFSET_BITS=64 -D_LARGEFILE_SOURCE -U_FORTIFY_SOURCE    -c -o lj_str_dyn.o lj_str.c
    C:\Program Files\Venv\C_Cpp\mingw-w64\x86_64-13.2.0-release-posix-seh-ucrt-rt_v11-rev0\mingw64\bin\x86_64-w64-mingw32-gcc.exe  -O2 -fomit-frame-pointer -Wall   -D_FILE_OFFSET_BITS=64 -D_LARGEFILE_SOURCE -U_FORTIFY_SOURCE    -c -o lj_tab_dyn.o lj_tab.c
    CC        lj_func.o
    C:\Program Files\Venv\C_Cpp\mingw-w64\x86_64-13.2.0-release-posix-seh-ucrt-rt_v11-rev0\mingw64\bin\x86_64-w64-mingw32-gcc.exe  -O2 -fomit-frame-pointer -Wall   -D_FILE_OFFSET_BITS=64 -D_LARGEFILE_SOURCE -U_FORTIFY_SOURCE    -c -o lj_assert.o lj_assert.c
    C:\Program Files\Venv\C_Cpp\mingw-w64\x86_64-13.2.0-release-posix-seh-ucrt-rt_v11-rev0\mingw64\bin\x86_64-w64-mingw32-gcc.exe  -O2 -fomit-frame-pointer -Wall   -D_FILE_OFFSET_BITS=64 -D_LARGEFILE_SOURCE -U_FORTIFY_SOURCE    -c -o lj_func_dyn.o lj_func.c
    CC        lj_udata.o
    C:\Program Files\Venv\C_Cpp\mingw-w64\x86_64-13.2.0-release-posix-seh-ucrt-rt_v11-rev0\mingw64\bin\x86_64-w64-mingw32-gcc.exe  -O2 -fomit-frame-pointer -Wall   -D_FILE_OFFSET_BITS=64 -D_LARGEFILE_SOURCE -U_FORTIFY_SOURCE    -c -o lj_udata_dyn.o lj_udata.c
    CC        lj_meta.o
    CC        lj_debug.o
    C:\Program Files\Venv\C_Cpp\mingw-w64\x86_64-13.2.0-release-posix-seh-ucrt-rt_v11-rev0\mingw64\bin\x86_64-w64-mingw32-gcc.exe  -O2 -fomit-frame-pointer -Wall   -D_FILE_OFFSET_BITS=64 -D_LARGEFILE_SOURCE -U_FORTIFY_SOURCE    -c -o lj_meta_dyn.o lj_meta.c
    C:\Program Files\Venv\C_Cpp\mingw-w64\x86_64-13.2.0-release-posix-seh-ucrt-rt_v11-rev0\mingw64\bin\x86_64-w64-mingw32-gcc.exe  -O2 -fomit-frame-pointer -Wall   -D_FILE_OFFSET_BITS=64 -D_LARGEFILE_SOURCE -U_FORTIFY_SOURCE    -c -o lj_debug_dyn.o lj_debug.c
    C:\Program Files\Venv\C_Cpp\mingw-w64\x86_64-13.2.0-release-posix-seh-ucrt-rt_v11-rev0\mingw64\bin\x86_64-w64-mingw32-gcc.exe  -O2 -fomit-frame-pointer -Wall   -D_FILE_OFFSET_BITS=64 -D_LARGEFILE_SOURCE -U_FORTIFY_SOURCE    -c -o lj_char.o lj_char.c
    CC        lj_prng.o
    C:\Program Files\Venv\C_Cpp\mingw-w64\x86_64-13.2.0-release-posix-seh-ucrt-rt_v11-rev0\mingw64\bin\x86_64-w64-mingw32-gcc.exe  -O2 -fomit-frame-pointer -Wall   -D_FILE_OFFSET_BITS=64 -D_LARGEFILE_SOURCE -U_FORTIFY_SOURCE    -c -o lj_obj.o lj_obj.c
    C:\Program Files\Venv\C_Cpp\mingw-w64\x86_64-13.2.0-release-posix-seh-ucrt-rt_v11-rev0\mingw64\bin\x86_64-w64-mingw32-gcc.exe  -O2 -fomit-frame-pointer -Wall   -D_FILE_OFFSET_BITS=64 -D_LARGEFILE_SOURCE -U_FORTIFY_SOURCE    -c -o lj_prng_dyn.o lj_prng.c
    CC        lj_vmmath.o
    CC        lj_vmevent.o
    C:\Program Files\Venv\C_Cpp\mingw-w64\x86_64-13.2.0-release-posix-seh-ucrt-rt_v11-rev0\mingw64\bin\x86_64-w64-mingw32-gcc.exe  -O2 -fomit-frame-pointer -Wall   -D_FILE_OFFSET_BITS=64 -D_LARGEFILE_SOURCE -U_FORTIFY_SOURCE    -c -o lj_vmevent_dyn.o lj_vmevent.c
    C:\Program Files\Venv\C_Cpp\mingw-w64\x86_64-13.2.0-release-posix-seh-ucrt-rt_v11-rev0\mingw64\bin\x86_64-w64-mingw32-gcc.exe  -O2 -fomit-frame-pointer -Wall   -D_FILE_OFFSET_BITS=64 -D_LARGEFILE_SOURCE -U_FORTIFY_SOURCE    -c -o lj_vmmath_dyn.o lj_vmmath.c
    C:\Program Files\Venv\C_Cpp\mingw-w64\x86_64-13.2.0-release-posix-seh-ucrt-rt_v11-rev0\mingw64\bin\x86_64-w64-mingw32-gcc.exe  -O2 -fomit-frame-pointer -Wall   -D_FILE_OFFSET_BITS=64 -D_LARGEFILE_SOURCE -U_FORTIFY_SOURCE    -c -o lj_udata.o lj_udata.c
    CC        lj_strscan.o
    C:\Program Files\Venv\C_Cpp\mingw-w64\x86_64-13.2.0-release-posix-seh-ucrt-rt_v11-rev0\mingw64\bin\x86_64-w64-mingw32-gcc.exe  -O2 -fomit-frame-pointer -Wall   -D_FILE_OFFSET_BITS=64 -D_LARGEFILE_SOURCE -U_FORTIFY_SOURCE    -c -o lj_strscan_dyn.o lj_strscan.c
    CC        lj_strfmt.o
    C:\Program Files\Venv\C_Cpp\mingw-w64\x86_64-13.2.0-release-posix-seh-ucrt-rt_v11-rev0\mingw64\bin\x86_64-w64-mingw32-gcc.exe  -O2 -fomit-frame-pointer -Wall   -D_FILE_OFFSET_BITS=64 -D_LARGEFILE_SOURCE -U_FORTIFY_SOURCE    -c -o lj_strfmt_dyn.o lj_strfmt.c
    C:\Program Files\Venv\C_Cpp\mingw-w64\x86_64-13.2.0-release-posix-seh-ucrt-rt_v11-rev0\mingw64\bin\x86_64-w64-mingw32-gcc.exe  -O2 -fomit-frame-pointer -Wall   -D_FILE_OFFSET_BITS=64 -D_LARGEFILE_SOURCE -U_FORTIFY_SOURCE    -c -o lj_buf.o lj_buf.c
    C:\Program Files\Venv\C_Cpp\mingw-w64\x86_64-13.2.0-release-posix-seh-ucrt-rt_v11-rev0\mingw64\bin\x86_64-w64-mingw32-gcc.exe  -O2 -fomit-frame-pointer -Wall   -D_FILE_OFFSET_BITS=64 -D_LARGEFILE_SOURCE -U_FORTIFY_SOURCE    -c -o lj_str.o lj_str.c
    CC        lj_strfmt_num.o
    C:\Program Files\Venv\C_Cpp\mingw-w64\x86_64-13.2.0-release-posix-seh-ucrt-rt_v11-rev0\mingw64\bin\x86_64-w64-mingw32-gcc.exe  -O2 -fomit-frame-pointer -Wall   -D_FILE_OFFSET_BITS=64 -D_LARGEFILE_SOURCE -U_FORTIFY_SOURCE    -c -o lj_strfmt_num_dyn.o lj_strfmt_num.c
    CC        lj_serialize.o
    C:\Program Files\Venv\C_Cpp\mingw-w64\x86_64-13.2.0-release-posix-seh-ucrt-rt_v11-rev0\mingw64\bin\x86_64-w64-mingw32-gcc.exe  -O2 -fomit-frame-pointer -Wall   -D_FILE_OFFSET_BITS=64 -D_LARGEFILE_SOURCE -U_FORTIFY_SOURCE    -c -o lj_serialize_dyn.o lj_serialize.c
    C:\Program Files\Venv\C_Cpp\mingw-w64\x86_64-13.2.0-release-posix-seh-ucrt-rt_v11-rev0\mingw64\bin\x86_64-w64-mingw32-gcc.exe  -O2 -fomit-frame-pointer -Wall   -D_FILE_OFFSET_BITS=64 -D_LARGEFILE_SOURCE -U_FORTIFY_SOURCE    -c -o lj_vmmath.o lj_vmmath.c
    CC        lj_api.o
    C:\Program Files\Venv\C_Cpp\mingw-w64\x86_64-13.2.0-release-posix-seh-ucrt-rt_v11-rev0\mingw64\bin\x86_64-w64-mingw32-gcc.exe  -O2 -fomit-frame-pointer -Wall   -D_FILE_OFFSET_BITS=64 -D_LARGEFILE_SOURCE -U_FORTIFY_SOURCE    -c -o lj_api_dyn.o lj_api.c
    C:\Program Files\Venv\C_Cpp\mingw-w64\x86_64-13.2.0-release-posix-seh-ucrt-rt_v11-rev0\mingw64\bin\x86_64-w64-mingw32-gcc.exe  -O2 -fomit-frame-pointer -Wall   -D_FILE_OFFSET_BITS=64 -D_LARGEFILE_SOURCE -U_FORTIFY_SOURCE    -c -o lj_tab.o lj_tab.c
    C:\Program Files\Venv\C_Cpp\mingw-w64\x86_64-13.2.0-release-posix-seh-ucrt-rt_v11-rev0\mingw64\bin\x86_64-w64-mingw32-gcc.exe  -O2 -fomit-frame-pointer -Wall   -D_FILE_OFFSET_BITS=64 -D_LARGEFILE_SOURCE -U_FORTIFY_SOURCE    -c -o lj_meta.o lj_meta.c
    C:\Program Files\Venv\C_Cpp\mingw-w64\x86_64-13.2.0-release-posix-seh-ucrt-rt_v11-rev0\mingw64\bin\x86_64-w64-mingw32-gcc.exe  -O2 -fomit-frame-pointer -Wall   -D_FILE_OFFSET_BITS=64 -D_LARGEFILE_SOURCE -U_FORTIFY_SOURCE    -c -o lj_debug.o lj_debug.c
    CC        lj_lex.o
    C:\Program Files\Venv\C_Cpp\mingw-w64\x86_64-13.2.0-release-posix-seh-ucrt-rt_v11-rev0\mingw64\bin\x86_64-w64-mingw32-gcc.exe  -O2 -fomit-frame-pointer -Wall   -D_FILE_OFFSET_BITS=64 -D_LARGEFILE_SOURCE -U_FORTIFY_SOURCE    -c -o lj_lex_dyn.o lj_lex.c
    CC        lj_parse.o
    C:\Program Files\Venv\C_Cpp\mingw-w64\x86_64-13.2.0-release-posix-seh-ucrt-rt_v11-rev0\mingw64\bin\x86_64-w64-mingw32-gcc.exe  -O2 -fomit-frame-pointer -Wall   -D_FILE_OFFSET_BITS=64 -D_LARGEFILE_SOURCE -U_FORTIFY_SOURCE    -c -o lj_parse_dyn.o lj_parse.c
    CC        lj_bcread.o
    C:\Program Files\Venv\C_Cpp\mingw-w64\x86_64-13.2.0-release-posix-seh-ucrt-rt_v11-rev0\mingw64\bin\x86_64-w64-mingw32-gcc.exe  -O2 -fomit-frame-pointer -Wall   -D_FILE_OFFSET_BITS=64 -D_LARGEFILE_SOURCE -U_FORTIFY_SOURCE    -c -o lj_strscan.o lj_strscan.c
    C:\Program Files\Venv\C_Cpp\mingw-w64\x86_64-13.2.0-release-posix-seh-ucrt-rt_v11-rev0\mingw64\bin\x86_64-w64-mingw32-gcc.exe  -O2 -fomit-frame-pointer -Wall   -D_FILE_OFFSET_BITS=64 -D_LARGEFILE_SOURCE -U_FORTIFY_SOURCE    -c -o lj_bcread_dyn.o lj_bcread.c
    C:\Program Files\Venv\C_Cpp\mingw-w64\x86_64-13.2.0-release-posix-seh-ucrt-rt_v11-rev0\mingw64\bin\x86_64-w64-mingw32-gcc.exe  -O2 -fomit-frame-pointer -Wall   -D_FILE_OFFSET_BITS=64 -D_LARGEFILE_SOURCE -U_FORTIFY_SOURCE    -c -o lj_strfmt.o lj_strfmt.c
    C:\Program Files\Venv\C_Cpp\mingw-w64\x86_64-13.2.0-release-posix-seh-ucrt-rt_v11-rev0\mingw64\bin\x86_64-w64-mingw32-gcc.exe  -O2 -fomit-frame-pointer -Wall   -D_FILE_OFFSET_BITS=64 -D_LARGEFILE_SOURCE -U_FORTIFY_SOURCE    -c -o lj_func.o lj_func.c
    C:\Program Files\Venv\C_Cpp\mingw-w64\x86_64-13.2.0-release-posix-seh-ucrt-rt_v11-rev0\mingw64\bin\x86_64-w64-mingw32-gcc.exe  -O2 -fomit-frame-pointer -Wall   -D_FILE_OFFSET_BITS=64 -D_LARGEFILE_SOURCE -U_FORTIFY_SOURCE    -c -o lj_serialize.o lj_serialize.c
    C:\Program Files\Venv\C_Cpp\mingw-w64\x86_64-13.2.0-release-posix-seh-ucrt-rt_v11-rev0\mingw64\bin\x86_64-w64-mingw32-gcc.exe  -O2 -fomit-frame-pointer -Wall   -D_FILE_OFFSET_BITS=64 -D_LARGEFILE_SOURCE -U_FORTIFY_SOURCE    -c -o lj_strfmt_num.o lj_strfmt_num.c
    C:\Program Files\Venv\C_Cpp\mingw-w64\x86_64-13.2.0-release-posix-seh-ucrt-rt_v11-rev0\mingw64\bin\x86_64-w64-mingw32-gcc.exe  -O2 -fomit-frame-pointer -Wall   -D_FILE_OFFSET_BITS=64 -D_LARGEFILE_SOURCE -U_FORTIFY_SOURCE    -c -o lj_gc.o lj_gc.c
    C:\Program Files\Venv\C_Cpp\mingw-w64\x86_64-13.2.0-release-posix-seh-ucrt-rt_v11-rev0\mingw64\bin\x86_64-w64-mingw32-gcc.exe  -O2 -fomit-frame-pointer -Wall   -D_FILE_OFFSET_BITS=64 -D_LARGEFILE_SOURCE -U_FORTIFY_SOURCE    -c -o lj_prng.o lj_prng.c
    CC        lj_bcwrite.o
    CC        lj_load.o
    C:\Program Files\Venv\C_Cpp\mingw-w64\x86_64-13.2.0-release-posix-seh-ucrt-rt_v11-rev0\mingw64\bin\x86_64-w64-mingw32-gcc.exe  -O2 -fomit-frame-pointer -Wall   -D_FILE_OFFSET_BITS=64 -D_LARGEFILE_SOURCE -U_FORTIFY_SOURCE    -c -o lj_bcwrite_dyn.o lj_bcwrite.c
    C:\Program Files\Venv\C_Cpp\mingw-w64\x86_64-13.2.0-release-posix-seh-ucrt-rt_v11-rev0\mingw64\bin\x86_64-w64-mingw32-gcc.exe  -O2 -fomit-frame-pointer -Wall   -D_FILE_OFFSET_BITS=64 -D_LARGEFILE_SOURCE -U_FORTIFY_SOURCE    -c -o lj_load_dyn.o lj_load.c
    C:\Program Files\Venv\C_Cpp\mingw-w64\x86_64-13.2.0-release-posix-seh-ucrt-rt_v11-rev0\mingw64\bin\x86_64-w64-mingw32-gcc.exe  -O2 -fomit-frame-pointer -Wall   -D_FILE_OFFSET_BITS=64 -D_LARGEFILE_SOURCE -U_FORTIFY_SOURCE    -c -o lj_vmevent.o lj_vmevent.c
    CC        lj_ir.o
    C:\Program Files\Venv\C_Cpp\mingw-w64\x86_64-13.2.0-release-posix-seh-ucrt-rt_v11-rev0\mingw64\bin\x86_64-w64-mingw32-gcc.exe  -O2 -fomit-frame-pointer -Wall   -D_FILE_OFFSET_BITS=64 -D_LARGEFILE_SOURCE -U_FORTIFY_SOURCE    -c -o lj_ir_dyn.o lj_ir.c
    C:\Program Files\Venv\C_Cpp\mingw-w64\x86_64-13.2.0-release-posix-seh-ucrt-rt_v11-rev0\mingw64\bin\x86_64-w64-mingw32-gcc.exe  -O2 -fomit-frame-pointer -Wall   -D_FILE_OFFSET_BITS=64 -D_LARGEFILE_SOURCE -U_FORTIFY_SOURCE    -c -o lj_bcread.o lj_bcread.c
    C:\Program Files\Venv\C_Cpp\mingw-w64\x86_64-13.2.0-release-posix-seh-ucrt-rt_v11-rev0\mingw64\bin\x86_64-w64-mingw32-gcc.exe  -O2 -fomit-frame-pointer -Wall   -D_FILE_OFFSET_BITS=64 -D_LARGEFILE_SOURCE -U_FORTIFY_SOURCE    -c -o lj_lex.o lj_lex.c
    CC        lj_opt_mem.o
    C:\Program Files\Venv\C_Cpp\mingw-w64\x86_64-13.2.0-release-posix-seh-ucrt-rt_v11-rev0\mingw64\bin\x86_64-w64-mingw32-gcc.exe  -O2 -fomit-frame-pointer -Wall   -D_FILE_OFFSET_BITS=64 -D_LARGEFILE_SOURCE -U_FORTIFY_SOURCE    -c -o lj_opt_mem_dyn.o lj_opt_mem.c
    C:\Program Files\Venv\C_Cpp\mingw-w64\x86_64-13.2.0-release-posix-seh-ucrt-rt_v11-rev0\mingw64\bin\x86_64-w64-mingw32-gcc.exe  -O2 -fomit-frame-pointer -Wall   -D_FILE_OFFSET_BITS=64 -D_LARGEFILE_SOURCE -U_FORTIFY_SOURCE    -c -o lj_load.o lj_load.c
    CC        lj_opt_narrow.o
    C:\Program Files\Venv\C_Cpp\mingw-w64\x86_64-13.2.0-release-posix-seh-ucrt-rt_v11-rev0\mingw64\bin\x86_64-w64-mingw32-gcc.exe  -O2 -fomit-frame-pointer -Wall   -D_FILE_OFFSET_BITS=64 -D_LARGEFILE_SOURCE -U_FORTIFY_SOURCE    -c -o lj_opt_narrow_dyn.o lj_opt_narrow.c
    CC        lj_opt_dce.o
    C:\Program Files\Venv\C_Cpp\mingw-w64\x86_64-13.2.0-release-posix-seh-ucrt-rt_v11-rev0\mingw64\bin\x86_64-w64-mingw32-gcc.exe  -O2 -fomit-frame-pointer -Wall   -D_FILE_OFFSET_BITS=64 -D_LARGEFILE_SOURCE -U_FORTIFY_SOURCE    -c -o lj_opt_dce_dyn.o lj_opt_dce.c
    CC        lj_opt_loop.o
    C:\Program Files\Venv\C_Cpp\mingw-w64\x86_64-13.2.0-release-posix-seh-ucrt-rt_v11-rev0\mingw64\bin\x86_64-w64-mingw32-gcc.exe  -O2 -fomit-frame-pointer -Wall   -D_FILE_OFFSET_BITS=64 -D_LARGEFILE_SOURCE -U_FORTIFY_SOURCE    -c -o lj_opt_loop_dyn.o lj_opt_loop.c
    CC        lj_opt_split.o
    C:\Program Files\Venv\C_Cpp\mingw-w64\x86_64-13.2.0-release-posix-seh-ucrt-rt_v11-rev0\mingw64\bin\x86_64-w64-mingw32-gcc.exe  -O2 -fomit-frame-pointer -Wall   -D_FILE_OFFSET_BITS=64 -D_LARGEFILE_SOURCE -U_FORTIFY_SOURCE    -c -o lj_opt_split_dyn.o lj_opt_split.c
    CC        lj_opt_sink.o
    C:\Program Files\Venv\C_Cpp\mingw-w64\x86_64-13.2.0-release-posix-seh-ucrt-rt_v11-rev0\mingw64\bin\x86_64-w64-mingw32-gcc.exe  -O2 -fomit-frame-pointer -Wall   -D_FILE_OFFSET_BITS=64 -D_LARGEFILE_SOURCE -U_FORTIFY_SOURCE    -c -o lj_opt_sink_dyn.o lj_opt_sink.c
    C:\Program Files\Venv\C_Cpp\mingw-w64\x86_64-13.2.0-release-posix-seh-ucrt-rt_v11-rev0\mingw64\bin\x86_64-w64-mingw32-gcc.exe  -O2 -fomit-frame-pointer -Wall   -D_FILE_OFFSET_BITS=64 -D_LARGEFILE_SOURCE -U_FORTIFY_SOURCE    -c -o lj_opt_dce.o lj_opt_dce.c
    CC        lj_mcode.o
    C:\Program Files\Venv\C_Cpp\mingw-w64\x86_64-13.2.0-release-posix-seh-ucrt-rt_v11-rev0\mingw64\bin\x86_64-w64-mingw32-gcc.exe  -O2 -fomit-frame-pointer -Wall   -D_FILE_OFFSET_BITS=64 -D_LARGEFILE_SOURCE -U_FORTIFY_SOURCE    -c -o lj_mcode_dyn.o lj_mcode.c
    C:\Program Files\Venv\C_Cpp\mingw-w64\x86_64-13.2.0-release-posix-seh-ucrt-rt_v11-rev0\mingw64\bin\x86_64-w64-mingw32-gcc.exe  -O2 -fomit-frame-pointer -Wall   -D_FILE_OFFSET_BITS=64 -D_LARGEFILE_SOURCE -U_FORTIFY_SOURCE    -c -o lj_opt_split.o lj_opt_split.c
    C:\Program Files\Venv\C_Cpp\mingw-w64\x86_64-13.2.0-release-posix-seh-ucrt-rt_v11-rev0\mingw64\bin\x86_64-w64-mingw32-gcc.exe  -O2 -fomit-frame-pointer -Wall   -D_FILE_OFFSET_BITS=64 -D_LARGEFILE_SOURCE -U_FORTIFY_SOURCE    -c -o lj_api.o lj_api.c
    CC        lj_snap.o
    C:\Program Files\Venv\C_Cpp\mingw-w64\x86_64-13.2.0-release-posix-seh-ucrt-rt_v11-rev0\mingw64\bin\x86_64-w64-mingw32-gcc.exe  -O2 -fomit-frame-pointer -Wall   -D_FILE_OFFSET_BITS=64 -D_LARGEFILE_SOURCE -U_FORTIFY_SOURCE    -c -o lj_snap_dyn.o lj_snap.c
    C:\Program Files\Venv\C_Cpp\mingw-w64\x86_64-13.2.0-release-posix-seh-ucrt-rt_v11-rev0\mingw64\bin\x86_64-w64-mingw32-gcc.exe  -O2 -fomit-frame-pointer -Wall   -D_FILE_OFFSET_BITS=64 -D_LARGEFILE_SOURCE -U_FORTIFY_SOURCE    -c -o lj_parse.o lj_parse.c
    C:\Program Files\Venv\C_Cpp\mingw-w64\x86_64-13.2.0-release-posix-seh-ucrt-rt_v11-rev0\mingw64\bin\x86_64-w64-mingw32-gcc.exe  -O2 -fomit-frame-pointer -Wall   -D_FILE_OFFSET_BITS=64 -D_LARGEFILE_SOURCE -U_FORTIFY_SOURCE    -c -o lj_opt_sink.o lj_opt_sink.c
    CC        lj_asm.o
    CC        lj_trace.o
    C:\Program Files\Venv\C_Cpp\mingw-w64\x86_64-13.2.0-release-posix-seh-ucrt-rt_v11-rev0\mingw64\bin\x86_64-w64-mingw32-gcc.exe  -O2 -fomit-frame-pointer -Wall   -D_FILE_OFFSET_BITS=64 -D_LARGEFILE_SOURCE -U_FORTIFY_SOURCE    -c -o lj_asm_dyn.o lj_asm.c
    C:\Program Files\Venv\C_Cpp\mingw-w64\x86_64-13.2.0-release-posix-seh-ucrt-rt_v11-rev0\mingw64\bin\x86_64-w64-mingw32-gcc.exe  -O2 -fomit-frame-pointer -Wall   -D_FILE_OFFSET_BITS=64 -D_LARGEFILE_SOURCE -U_FORTIFY_SOURCE    -c -o lj_trace_dyn.o lj_trace.c
    CC        lj_gdbjit.o
    C:\Program Files\Venv\C_Cpp\mingw-w64\x86_64-13.2.0-release-posix-seh-ucrt-rt_v11-rev0\mingw64\bin\x86_64-w64-mingw32-gcc.exe  -O2 -fomit-frame-pointer -Wall   -D_FILE_OFFSET_BITS=64 -D_LARGEFILE_SOURCE -U_FORTIFY_SOURCE    -c -o lj_gdbjit_dyn.o lj_gdbjit.c
    CC        lj_ctype.o
    C:\Program Files\Venv\C_Cpp\mingw-w64\x86_64-13.2.0-release-posix-seh-ucrt-rt_v11-rev0\mingw64\bin\x86_64-w64-mingw32-gcc.exe  -O2 -fomit-frame-pointer -Wall   -D_FILE_OFFSET_BITS=64 -D_LARGEFILE_SOURCE -U_FORTIFY_SOURCE    -c -o lj_ctype_dyn.o lj_ctype.c
    C:\Program Files\Venv\C_Cpp\mingw-w64\x86_64-13.2.0-release-posix-seh-ucrt-rt_v11-rev0\mingw64\bin\x86_64-w64-mingw32-gcc.exe  -O2 -fomit-frame-pointer -Wall   -D_FILE_OFFSET_BITS=64 -D_LARGEFILE_SOURCE -U_FORTIFY_SOURCE    -c -o lj_bcwrite.o lj_bcwrite.c
    C:\Program Files\Venv\C_Cpp\mingw-w64\x86_64-13.2.0-release-posix-seh-ucrt-rt_v11-rev0\mingw64\bin\x86_64-w64-mingw32-gcc.exe  -O2 -fomit-frame-pointer -Wall   -D_FILE_OFFSET_BITS=64 -D_LARGEFILE_SOURCE -U_FORTIFY_SOURCE    -c -o lj_ir.o lj_ir.c
    C:\Program Files\Venv\C_Cpp\mingw-w64\x86_64-13.2.0-release-posix-seh-ucrt-rt_v11-rev0\mingw64\bin\x86_64-w64-mingw32-gcc.exe  -O2 -fomit-frame-pointer -Wall   -D_FILE_OFFSET_BITS=64 -D_LARGEFILE_SOURCE -U_FORTIFY_SOURCE    -c -o lj_opt_narrow.o lj_opt_narrow.c
    CC        lj_cdata.o
    C:\Program Files\Venv\C_Cpp\mingw-w64\x86_64-13.2.0-release-posix-seh-ucrt-rt_v11-rev0\mingw64\bin\x86_64-w64-mingw32-gcc.exe  -O2 -fomit-frame-pointer -Wall   -D_FILE_OFFSET_BITS=64 -D_LARGEFILE_SOURCE -U_FORTIFY_SOURCE    -c -o lj_cdata_dyn.o lj_cdata.c
    CC        lj_cconv.o
    C:\Program Files\Venv\C_Cpp\mingw-w64\x86_64-13.2.0-release-posix-seh-ucrt-rt_v11-rev0\mingw64\bin\x86_64-w64-mingw32-gcc.exe  -O2 -fomit-frame-pointer -Wall   -D_FILE_OFFSET_BITS=64 -D_LARGEFILE_SOURCE -U_FORTIFY_SOURCE    -c -o lj_cconv_dyn.o lj_cconv.c
    C:\Program Files\Venv\C_Cpp\mingw-w64\x86_64-13.2.0-release-posix-seh-ucrt-rt_v11-rev0\mingw64\bin\x86_64-w64-mingw32-gcc.exe  -O2 -fomit-frame-pointer -Wall   -D_FILE_OFFSET_BITS=64 -D_LARGEFILE_SOURCE -U_FORTIFY_SOURCE    -c -o lj_opt_mem.o lj_opt_mem.c
    C:\Program Files\Venv\C_Cpp\mingw-w64\x86_64-13.2.0-release-posix-seh-ucrt-rt_v11-rev0\mingw64\bin\x86_64-w64-mingw32-gcc.exe  -O2 -fomit-frame-pointer -Wall   -D_FILE_OFFSET_BITS=64 -D_LARGEFILE_SOURCE -U_FORTIFY_SOURCE    -c -o lj_opt_loop.o lj_opt_loop.c
    C:\Program Files\Venv\C_Cpp\mingw-w64\x86_64-13.2.0-release-posix-seh-ucrt-rt_v11-rev0\mingw64\bin\x86_64-w64-mingw32-gcc.exe  -O2 -fomit-frame-pointer -Wall   -D_FILE_OFFSET_BITS=64 -D_LARGEFILE_SOURCE -U_FORTIFY_SOURCE    -c -o lj_ctype.o lj_ctype.c
    C:\Program Files\Venv\C_Cpp\mingw-w64\x86_64-13.2.0-release-posix-seh-ucrt-rt_v11-rev0\mingw64\bin\x86_64-w64-mingw32-gcc.exe  -O2 -fomit-frame-pointer -Wall   -D_FILE_OFFSET_BITS=64 -D_LARGEFILE_SOURCE -U_FORTIFY_SOURCE    -c -o lj_cdata.o lj_cdata.c
    C:\Program Files\Venv\C_Cpp\mingw-w64\x86_64-13.2.0-release-posix-seh-ucrt-rt_v11-rev0\mingw64\bin\x86_64-w64-mingw32-gcc.exe  -O2 -fomit-frame-pointer -Wall   -D_FILE_OFFSET_BITS=64 -D_LARGEFILE_SOURCE -U_FORTIFY_SOURCE    -c -o lj_cconv.o lj_cconv.c
    C:\Program Files\Venv\C_Cpp\mingw-w64\x86_64-13.2.0-release-posix-seh-ucrt-rt_v11-rev0\mingw64\bin\x86_64-w64-mingw32-gcc.exe  -O2 -fomit-frame-pointer -Wall   -D_FILE_OFFSET_BITS=64 -D_LARGEFILE_SOURCE -U_FORTIFY_SOURCE    -c -o lj_mcode.o lj_mcode.c
    CC        lj_ccall.o
    C:\Program Files\Venv\C_Cpp\mingw-w64\x86_64-13.2.0-release-posix-seh-ucrt-rt_v11-rev0\mingw64\bin\x86_64-w64-mingw32-gcc.exe  -O2 -fomit-frame-pointer -Wall   -D_FILE_OFFSET_BITS=64 -D_LARGEFILE_SOURCE -U_FORTIFY_SOURCE    -c -o lj_ccall_dyn.o lj_ccall.c
    C:\Program Files\Venv\C_Cpp\mingw-w64\x86_64-13.2.0-release-posix-seh-ucrt-rt_v11-rev0\mingw64\bin\x86_64-w64-mingw32-gcc.exe  -O2 -fomit-frame-pointer -Wall   -D_FILE_OFFSET_BITS=64 -D_LARGEFILE_SOURCE -U_FORTIFY_SOURCE    -c -o lj_gdbjit.o lj_gdbjit.c
    CC        lj_ccallback.o
    C:\Program Files\Venv\C_Cpp\mingw-w64\x86_64-13.2.0-release-posix-seh-ucrt-rt_v11-rev0\mingw64\bin\x86_64-w64-mingw32-gcc.exe  -O2 -fomit-frame-pointer -Wall   -D_FILE_OFFSET_BITS=64 -D_LARGEFILE_SOURCE -U_FORTIFY_SOURCE    -c -o lj_ccallback_dyn.o lj_ccallback.c
    CC        lj_carith.o
    C:\Program Files\Venv\C_Cpp\mingw-w64\x86_64-13.2.0-release-posix-seh-ucrt-rt_v11-rev0\mingw64\bin\x86_64-w64-mingw32-gcc.exe  -O2 -fomit-frame-pointer -Wall   -D_FILE_OFFSET_BITS=64 -D_LARGEFILE_SOURCE -U_FORTIFY_SOURCE    -c -o lj_carith_dyn.o lj_carith.c
    CC        lj_clib.o
    C:\Program Files\Venv\C_Cpp\mingw-w64\x86_64-13.2.0-release-posix-seh-ucrt-rt_v11-rev0\mingw64\bin\x86_64-w64-mingw32-gcc.exe  -O2 -fomit-frame-pointer -Wall   -D_FILE_OFFSET_BITS=64 -D_LARGEFILE_SOURCE -U_FORTIFY_SOURCE    -c -o lj_clib_dyn.o lj_clib.c
    C:\Program Files\Venv\C_Cpp\mingw-w64\x86_64-13.2.0-release-posix-seh-ucrt-rt_v11-rev0\mingw64\bin\x86_64-w64-mingw32-gcc.exe  -O2 -fomit-frame-pointer -Wall   -D_FILE_OFFSET_BITS=64 -D_LARGEFILE_SOURCE -U_FORTIFY_SOURCE    -c -o lj_trace.o lj_trace.c
    C:\Program Files\Venv\C_Cpp\mingw-w64\x86_64-13.2.0-release-posix-seh-ucrt-rt_v11-rev0\mingw64\bin\x86_64-w64-mingw32-gcc.exe  -O2 -fomit-frame-pointer -Wall   -D_FILE_OFFSET_BITS=64 -D_LARGEFILE_SOURCE -U_FORTIFY_SOURCE    -c -o lj_carith.o lj_carith.c
    C:\Program Files\Venv\C_Cpp\mingw-w64\x86_64-13.2.0-release-posix-seh-ucrt-rt_v11-rev0\mingw64\bin\x86_64-w64-mingw32-gcc.exe  -O2 -fomit-frame-pointer -Wall   -D_FILE_OFFSET_BITS=64 -D_LARGEFILE_SOURCE -U_FORTIFY_SOURCE    -c -o lj_snap.o lj_snap.c
    CC        lib_aux.o
    CC        lj_lib.o
    C:\Program Files\Venv\C_Cpp\mingw-w64\x86_64-13.2.0-release-posix-seh-ucrt-rt_v11-rev0\mingw64\bin\x86_64-w64-mingw32-gcc.exe  -O2 -fomit-frame-pointer -Wall   -D_FILE_OFFSET_BITS=64 -D_LARGEFILE_SOURCE -U_FORTIFY_SOURCE    -c -o lib_aux_dyn.o lib_aux.c
    CC        lj_cparse.o
    CC        lj_alloc.o
    C:\Program Files\Venv\C_Cpp\mingw-w64\x86_64-13.2.0-release-posix-seh-ucrt-rt_v11-rev0\mingw64\bin\x86_64-w64-mingw32-gcc.exe  -O2 -fomit-frame-pointer -Wall   -D_FILE_OFFSET_BITS=64 -D_LARGEFILE_SOURCE -U_FORTIFY_SOURCE    -c -o lj_lib_dyn.o lj_lib.c
    C:\Program Files\Venv\C_Cpp\mingw-w64\x86_64-13.2.0-release-posix-seh-ucrt-rt_v11-rev0\mingw64\bin\x86_64-w64-mingw32-gcc.exe  -O2 -fomit-frame-pointer -Wall   -D_FILE_OFFSET_BITS=64 -D_LARGEFILE_SOURCE -U_FORTIFY_SOURCE    -c -o lj_cparse_dyn.o lj_cparse.c
    C:\Program Files\Venv\C_Cpp\mingw-w64\x86_64-13.2.0-release-posix-seh-ucrt-rt_v11-rev0\mingw64\bin\x86_64-w64-mingw32-gcc.exe  -O2 -fomit-frame-pointer -Wall   -D_FILE_OFFSET_BITS=64 -D_LARGEFILE_SOURCE -U_FORTIFY_SOURCE    -c -o lj_alloc_dyn.o lj_alloc.c
    CC        lib_package.o
    C:\Program Files\Venv\C_Cpp\mingw-w64\x86_64-13.2.0-release-posix-seh-ucrt-rt_v11-rev0\mingw64\bin\x86_64-w64-mingw32-gcc.exe  -O2 -fomit-frame-pointer -Wall   -D_FILE_OFFSET_BITS=64 -D_LARGEFILE_SOURCE -U_FORTIFY_SOURCE    -c -o lib_package_dyn.o lib_package.c
    CC        lib_init.o
    C:\Program Files\Venv\C_Cpp\mingw-w64\x86_64-13.2.0-release-posix-seh-ucrt-rt_v11-rev0\mingw64\bin\x86_64-w64-mingw32-gcc.exe  -O2 -fomit-frame-pointer -Wall   -D_FILE_OFFSET_BITS=64 -D_LARGEFILE_SOURCE -U_FORTIFY_SOURCE    -c -o lib_init_dyn.o lib_init.c
    HOSTLINK  host/minilua.exe
    C:\Program Files\Venv\C_Cpp\mingw-w64\x86_64-13.2.0-release-posix-seh-ucrt-rt_v11-rev0\mingw64\bin\x86_64-w64-mingw32-gcc.exe     -o host/minilua.exe host/minilua.o -lm   
    C:\Program Files\Venv\C_Cpp\mingw-w64\x86_64-13.2.0-release-posix-seh-ucrt-rt_v11-rev0\mingw64\bin\x86_64-w64-mingw32-gcc.exe  -O2 -fomit-frame-pointer -Wall   -D_FILE_OFFSET_BITS=64 -D_LARGEFILE_SOURCE -U_FORTIFY_SOURCE    -c -o lj_ccall.o lj_ccall.c
    C:\Program Files\Venv\C_Cpp\mingw-w64\x86_64-13.2.0-release-posix-seh-ucrt-rt_v11-rev0\mingw64\bin\x86_64-w64-mingw32-gcc.exe  -O2 -fomit-frame-pointer -Wall   -D_FILE_OFFSET_BITS=64 -D_LARGEFILE_SOURCE -U_FORTIFY_SOURCE    -c -o lib_init.o lib_init.c
    C:\Program Files\Venv\C_Cpp\mingw-w64\x86_64-13.2.0-release-posix-seh-ucrt-rt_v11-rev0\mingw64\bin\x86_64-w64-mingw32-gcc.exe  -O2 -fomit-frame-pointer -Wall   -D_FILE_OFFSET_BITS=64 -D_LARGEFILE_SOURCE -U_FORTIFY_SOURCE    -c -o lj_ccallback.o lj_ccallback.c
    VERSION   luajit.h
    DYNASM    host/buildvm_arch.h
    [ -e ../.git ] && git show -s --format=%ct >luajit_relver.txt 2>/dev/null || cat ../.relver >luajit_relver.txt 2>/dev/null || :
    host/minilua.exe ../dynasm/dynasm.lua  -D ENDIAN_LE -D P64 -D JIT -D FFI -D FPU -D HFABI -D VER= -D WIN -o host/buildvm_arch.h vm_x64.dasc
    host/minilua.exe host/genversion.lua
    **** WARNING Cannot determine rolling release version from git log.
    **** WARNING The 'git' command must be available during the build.
    HOSTCC    host/buildvm.o
    C:\Program Files\Venv\C_Cpp\mingw-w64\x86_64-13.2.0-release-posix-seh-ucrt-rt_v11-rev0\mingw64\bin\x86_64-w64-mingw32-gcc.exe  -O2 -fomit-frame-pointer -Wall   -I. -DLUAJIT_TARGET=LUAJIT_ARCH_x64 -DLJ_ARCH_HASFPU=1 -DLJ_ABI_SOFTFP=0  -c -o host/buildvm.o host/buildvm.c
    CC        lj_state.o
    C:\Program Files\Venv\C_Cpp\mingw-w64\x86_64-13.2.0-release-posix-seh-ucrt-rt_v11-rev0\mingw64\bin\x86_64-w64-mingw32-gcc.exe  -O2 -fomit-frame-pointer -Wall   -D_FILE_OFFSET_BITS=64 -D_LARGEFILE_SOURCE -U_FORTIFY_SOURCE    -c -o lj_state_dyn.o lj_state.c
    CC        lj_profile.o
    C:\Program Files\Venv\C_Cpp\mingw-w64\x86_64-13.2.0-release-posix-seh-ucrt-rt_v11-rev0\mingw64\bin\x86_64-w64-mingw32-gcc.exe  -O2 -fomit-frame-pointer -Wall   -D_FILE_OFFSET_BITS=64 -D_LARGEFILE_SOURCE -U_FORTIFY_SOURCE    -c -o lj_profile_dyn.o lj_profile.c
    CC        luajit.o
    C:\Program Files\Venv\C_Cpp\mingw-w64\x86_64-13.2.0-release-posix-seh-ucrt-rt_v11-rev0\mingw64\bin\x86_64-w64-mingw32-gcc.exe  -O2 -fomit-frame-pointer -Wall   -D_FILE_OFFSET_BITS=64 -D_LARGEFILE_SOURCE -U_FORTIFY_SOURCE    -c -o luajit.o luajit.c
    C:\Program Files\Venv\C_Cpp\mingw-w64\x86_64-13.2.0-release-posix-seh-ucrt-rt_v11-rev0\mingw64\bin\x86_64-w64-mingw32-gcc.exe  -O2 -fomit-frame-pointer -Wall   -D_FILE_OFFSET_BITS=64 -D_LARGEFILE_SOURCE -U_FORTIFY_SOURCE    -c -o lj_clib.o lj_clib.c
    C:\Program Files\Venv\C_Cpp\mingw-w64\x86_64-13.2.0-release-posix-seh-ucrt-rt_v11-rev0\mingw64\bin\x86_64-w64-mingw32-gcc.exe  -O2 -fomit-frame-pointer -Wall   -D_FILE_OFFSET_BITS=64 -D_LARGEFILE_SOURCE -U_FORTIFY_SOURCE    -c -o lj_cparse.o lj_cparse.c
    HOSTLINK  host/buildvm.exe
    C:\Program Files\Venv\C_Cpp\mingw-w64\x86_64-13.2.0-release-posix-seh-ucrt-rt_v11-rev0\mingw64\bin\x86_64-w64-mingw32-gcc.exe     -o host/buildvm.exe host/buildvm.o host/buildvm_asm.o host/buildvm_peobj.o host/buildvm_lib.o host/buildvm_fold.o   
    C:\Program Files\Venv\C_Cpp\mingw-w64\x86_64-13.2.0-release-posix-seh-ucrt-rt_v11-rev0\mingw64\bin\x86_64-w64-mingw32-gcc.exe  -O2 -fomit-frame-pointer -Wall   -D_FILE_OFFSET_BITS=64 -D_LARGEFILE_SOURCE -U_FORTIFY_SOURCE    -c -o lj_lib.o lj_lib.c
    C:\Program Files\Venv\C_Cpp\mingw-w64\x86_64-13.2.0-release-posix-seh-ucrt-rt_v11-rev0\mingw64\bin\x86_64-w64-mingw32-gcc.exe  -O2 -fomit-frame-pointer -Wall   -D_FILE_OFFSET_BITS=64 -D_LARGEFILE_SOURCE -U_FORTIFY_SOURCE    -c -o lib_package.o lib_package.c
    C:\Program Files\Venv\C_Cpp\mingw-w64\x86_64-13.2.0-release-posix-seh-ucrt-rt_v11-rev0\mingw64\bin\x86_64-w64-mingw32-gcc.exe  -O2 -fomit-frame-pointer -Wall   -D_FILE_OFFSET_BITS=64 -D_LARGEFILE_SOURCE -U_FORTIFY_SOURCE    -c -o lib_aux.o lib_aux.c
    C:\Program Files\Venv\C_Cpp\mingw-w64\x86_64-13.2.0-release-posix-seh-ucrt-rt_v11-rev0\mingw64\bin\x86_64-w64-mingw32-gcc.exe  -O2 -fomit-frame-pointer -Wall   -D_FILE_OFFSET_BITS=64 -D_LARGEFILE_SOURCE -U_FORTIFY_SOURCE    -c -o lj_profile.o lj_profile.c
    C:\Program Files\Venv\C_Cpp\mingw-w64\x86_64-13.2.0-release-posix-seh-ucrt-rt_v11-rev0\mingw64\bin\x86_64-w64-mingw32-gcc.exe  -O2 -fomit-frame-pointer -Wall   -D_FILE_OFFSET_BITS=64 -D_LARGEFILE_SOURCE -U_FORTIFY_SOURCE    -c -o lj_state.o lj_state.c
    C:\Program Files\Venv\C_Cpp\mingw-w64\x86_64-13.2.0-release-posix-seh-ucrt-rt_v11-rev0\mingw64\bin\x86_64-w64-mingw32-gcc.exe  -O2 -fomit-frame-pointer -Wall   -D_FILE_OFFSET_BITS=64 -D_LARGEFILE_SOURCE -U_FORTIFY_SOURCE    -c -o lj_asm.o lj_asm.c
    C:\Program Files\Venv\C_Cpp\mingw-w64\x86_64-13.2.0-release-posix-seh-ucrt-rt_v11-rev0\mingw64\bin\x86_64-w64-mingw32-gcc.exe  -O2 -fomit-frame-pointer -Wall   -D_FILE_OFFSET_BITS=64 -D_LARGEFILE_SOURCE -U_FORTIFY_SOURCE    -c -o lj_alloc.o lj_alloc.c
    BUILDVM   lj_vm.o
    BUILDVM   lj_ffdef.h
    BUILDVM   lj_recdef.h
    host/buildvm.exe -m peobj -o lj_vm.o
    BUILDVM   lj_folddef.h
    BUILDVM   lj_libdef.h
    BUILDVM   jit/vmdef.lua
    BUILDVM   lj_bcdef.h
    host/buildvm.exe -m ffdef -o lj_ffdef.h lib_base.c lib_math.c lib_bit.c lib_string.c lib_table.c lib_io.c lib_os.c lib_package.c lib_debug.c lib_jit.c lib_ffi.c lib_buffer.c
    host/buildvm.exe -m bcdef -o lj_bcdef.h lib_base.c lib_math.c lib_bit.c lib_string.c lib_table.c lib_io.c lib_os.c lib_package.c lib_debug.c lib_jit.c lib_ffi.c lib_buffer.c
    host/buildvm.exe -m folddef -o lj_folddef.h lj_opt_fold.c
    host/buildvm.exe -m recdef -o lj_recdef.h lib_base.c lib_math.c lib_bit.c lib_string.c lib_table.c lib_io.c lib_os.c lib_package.c lib_debug.c lib_jit.c lib_ffi.c lib_buffer.c
    host/buildvm.exe -m libdef -o lj_libdef.h lib_base.c lib_math.c lib_bit.c lib_string.c lib_table.c lib_io.c lib_os.c lib_package.c lib_debug.c lib_jit.c lib_ffi.c lib_buffer.c
    host/buildvm.exe -m vmdef -o jit/vmdef.lua lib_base.c lib_math.c lib_bit.c lib_string.c lib_table.c lib_io.c lib_os.c lib_package.c lib_debug.c lib_jit.c lib_ffi.c lib_buffer.c
    CC        lj_bc.o
    CC        lj_record.o
    C:\Program Files\Venv\C_Cpp\mingw-w64\x86_64-13.2.0-release-posix-seh-ucrt-rt_v11-rev0\mingw64\bin\x86_64-w64-mingw32-gcc.exe  -O2 -fomit-frame-pointer -Wall   -D_FILE_OFFSET_BITS=64 -D_LARGEFILE_SOURCE -U_FORTIFY_SOURCE    -c -o lj_record_dyn.o lj_record.c
    C:\Program Files\Venv\C_Cpp\mingw-w64\x86_64-13.2.0-release-posix-seh-ucrt-rt_v11-rev0\mingw64\bin\x86_64-w64-mingw32-gcc.exe  -O2 -fomit-frame-pointer -Wall   -D_FILE_OFFSET_BITS=64 -D_LARGEFILE_SOURCE -U_FORTIFY_SOURCE    -c -o lj_bc_dyn.o lj_bc.c
    CC        lj_dispatch.o
    CC        lj_crecord.o
    CC        lj_err.o
    CC        lj_ffrecord.o
    C:\Program Files\Venv\C_Cpp\mingw-w64\x86_64-13.2.0-release-posix-seh-ucrt-rt_v11-rev0\mingw64\bin\x86_64-w64-mingw32-gcc.exe  -O2 -fomit-frame-pointer -Wall   -D_FILE_OFFSET_BITS=64 -D_LARGEFILE_SOURCE -U_FORTIFY_SOURCE    -c -o lj_err_dyn.o lj_err.c
    CC        lib_base.o
    C:\Program Files\Venv\C_Cpp\mingw-w64\x86_64-13.2.0-release-posix-seh-ucrt-rt_v11-rev0\mingw64\bin\x86_64-w64-mingw32-gcc.exe  -O2 -fomit-frame-pointer -Wall   -D_FILE_OFFSET_BITS=64 -D_LARGEFILE_SOURCE -U_FORTIFY_SOURCE    -c -o lj_dispatch_dyn.o lj_dispatch.c
    C:\Program Files\Venv\C_Cpp\mingw-w64\x86_64-13.2.0-release-posix-seh-ucrt-rt_v11-rev0\mingw64\bin\x86_64-w64-mingw32-gcc.exe  -O2 -fomit-frame-pointer -Wall   -D_FILE_OFFSET_BITS=64 -D_LARGEFILE_SOURCE -U_FORTIFY_SOURCE    -c -o lj_crecord_dyn.o lj_crecord.c
    C:\Program Files\Venv\C_Cpp\mingw-w64\x86_64-13.2.0-release-posix-seh-ucrt-rt_v11-rev0\mingw64\bin\x86_64-w64-mingw32-gcc.exe  -O2 -fomit-frame-pointer -Wall   -D_FILE_OFFSET_BITS=64 -D_LARGEFILE_SOURCE -U_FORTIFY_SOURCE    -c -o lj_ffrecord_dyn.o lj_ffrecord.c
    C:\Program Files\Venv\C_Cpp\mingw-w64\x86_64-13.2.0-release-posix-seh-ucrt-rt_v11-rev0\mingw64\bin\x86_64-w64-mingw32-gcc.exe  -O2 -fomit-frame-pointer -Wall   -D_FILE_OFFSET_BITS=64 -D_LARGEFILE_SOURCE -U_FORTIFY_SOURCE    -c -o lib_base_dyn.o lib_base.c
    CC        lib_bit.o
    C:\Program Files\Venv\C_Cpp\mingw-w64\x86_64-13.2.0-release-posix-seh-ucrt-rt_v11-rev0\mingw64\bin\x86_64-w64-mingw32-gcc.exe  -O2 -fomit-frame-pointer -Wall   -D_FILE_OFFSET_BITS=64 -D_LARGEFILE_SOURCE -U_FORTIFY_SOURCE    -c -o lib_bit_dyn.o lib_bit.c
    CC        lib_math.o
    C:\Program Files\Venv\C_Cpp\mingw-w64\x86_64-13.2.0-release-posix-seh-ucrt-rt_v11-rev0\mingw64\bin\x86_64-w64-mingw32-gcc.exe  -O2 -fomit-frame-pointer -Wall   -D_FILE_OFFSET_BITS=64 -D_LARGEFILE_SOURCE -U_FORTIFY_SOURCE    -c -o lib_math_dyn.o lib_math.c
    CC        lib_string.o
    C:\Program Files\Venv\C_Cpp\mingw-w64\x86_64-13.2.0-release-posix-seh-ucrt-rt_v11-rev0\mingw64\bin\x86_64-w64-mingw32-gcc.exe  -O2 -fomit-frame-pointer -Wall   -D_FILE_OFFSET_BITS=64 -D_LARGEFILE_SOURCE -U_FORTIFY_SOURCE    -c -o lib_string_dyn.o lib_string.c
    C:\Program Files\Venv\C_Cpp\mingw-w64\x86_64-13.2.0-release-posix-seh-ucrt-rt_v11-rev0\mingw64\bin\x86_64-w64-mingw32-gcc.exe  -O2 -fomit-frame-pointer -Wall   -D_FILE_OFFSET_BITS=64 -D_LARGEFILE_SOURCE -U_FORTIFY_SOURCE    -c -o lj_bc.o lj_bc.c
    CC        lib_table.o
    C:\Program Files\Venv\C_Cpp\mingw-w64\x86_64-13.2.0-release-posix-seh-ucrt-rt_v11-rev0\mingw64\bin\x86_64-w64-mingw32-gcc.exe  -O2 -fomit-frame-pointer -Wall   -D_FILE_OFFSET_BITS=64 -D_LARGEFILE_SOURCE -U_FORTIFY_SOURCE    -c -o lib_table_dyn.o lib_table.c
    CC        lib_os.o
    C:\Program Files\Venv\C_Cpp\mingw-w64\x86_64-13.2.0-release-posix-seh-ucrt-rt_v11-rev0\mingw64\bin\x86_64-w64-mingw32-gcc.exe  -O2 -fomit-frame-pointer -Wall   -D_FILE_OFFSET_BITS=64 -D_LARGEFILE_SOURCE -U_FORTIFY_SOURCE    -c -o lib_os_dyn.o lib_os.c
    CC        lib_io.o
    C:\Program Files\Venv\C_Cpp\mingw-w64\x86_64-13.2.0-release-posix-seh-ucrt-rt_v11-rev0\mingw64\bin\x86_64-w64-mingw32-gcc.exe  -O2 -fomit-frame-pointer -Wall   -D_FILE_OFFSET_BITS=64 -D_LARGEFILE_SOURCE -U_FORTIFY_SOURCE    -c -o lib_io_dyn.o lib_io.c
    CC        lib_debug.o
    C:\Program Files\Venv\C_Cpp\mingw-w64\x86_64-13.2.0-release-posix-seh-ucrt-rt_v11-rev0\mingw64\bin\x86_64-w64-mingw32-gcc.exe  -O2 -fomit-frame-pointer -Wall   -D_FILE_OFFSET_BITS=64 -D_LARGEFILE_SOURCE -U_FORTIFY_SOURCE    -c -o lib_debug_dyn.o lib_debug.c
    CC        lib_jit.o
    C:\Program Files\Venv\C_Cpp\mingw-w64\x86_64-13.2.0-release-posix-seh-ucrt-rt_v11-rev0\mingw64\bin\x86_64-w64-mingw32-gcc.exe  -O2 -fomit-frame-pointer -Wall   -D_FILE_OFFSET_BITS=64 -D_LARGEFILE_SOURCE -U_FORTIFY_SOURCE    -c -o lib_bit.o lib_bit.c
    C:\Program Files\Venv\C_Cpp\mingw-w64\x86_64-13.2.0-release-posix-seh-ucrt-rt_v11-rev0\mingw64\bin\x86_64-w64-mingw32-gcc.exe  -O2 -fomit-frame-pointer -Wall   -D_FILE_OFFSET_BITS=64 -D_LARGEFILE_SOURCE -U_FORTIFY_SOURCE    -c -o lib_jit_dyn.o lib_jit.c
    C:\Program Files\Venv\C_Cpp\mingw-w64\x86_64-13.2.0-release-posix-seh-ucrt-rt_v11-rev0\mingw64\bin\x86_64-w64-mingw32-gcc.exe  -O2 -fomit-frame-pointer -Wall   -D_FILE_OFFSET_BITS=64 -D_LARGEFILE_SOURCE -U_FORTIFY_SOURCE    -c -o lib_math.o lib_math.c
    CC        lib_ffi.o
    C:\Program Files\Venv\C_Cpp\mingw-w64\x86_64-13.2.0-release-posix-seh-ucrt-rt_v11-rev0\mingw64\bin\x86_64-w64-mingw32-gcc.exe  -O2 -fomit-frame-pointer -Wall   -D_FILE_OFFSET_BITS=64 -D_LARGEFILE_SOURCE -U_FORTIFY_SOURCE    -c -o lib_ffi_dyn.o lib_ffi.c
    C:\Program Files\Venv\C_Cpp\mingw-w64\x86_64-13.2.0-release-posix-seh-ucrt-rt_v11-rev0\mingw64\bin\x86_64-w64-mingw32-gcc.exe  -O2 -fomit-frame-pointer -Wall   -D_FILE_OFFSET_BITS=64 -D_LARGEFILE_SOURCE -U_FORTIFY_SOURCE    -c -o lib_table.o lib_table.c
    C:\Program Files\Venv\C_Cpp\mingw-w64\x86_64-13.2.0-release-posix-seh-ucrt-rt_v11-rev0\mingw64\bin\x86_64-w64-mingw32-gcc.exe  -O2 -fomit-frame-pointer -Wall   -D_FILE_OFFSET_BITS=64 -D_LARGEFILE_SOURCE -U_FORTIFY_SOURCE    -c -o lib_os.o lib_os.c
    C:\Program Files\Venv\C_Cpp\mingw-w64\x86_64-13.2.0-release-posix-seh-ucrt-rt_v11-rev0\mingw64\bin\x86_64-w64-mingw32-gcc.exe  -O2 -fomit-frame-pointer -Wall   -D_FILE_OFFSET_BITS=64 -D_LARGEFILE_SOURCE -U_FORTIFY_SOURCE    -c -o lib_string.o lib_string.c
    CC        lib_buffer.o
    C:\Program Files\Venv\C_Cpp\mingw-w64\x86_64-13.2.0-release-posix-seh-ucrt-rt_v11-rev0\mingw64\bin\x86_64-w64-mingw32-gcc.exe  -O2 -fomit-frame-pointer -Wall   -D_FILE_OFFSET_BITS=64 -D_LARGEFILE_SOURCE -U_FORTIFY_SOURCE    -c -o lib_buffer_dyn.o lib_buffer.c
    C:\Program Files\Venv\C_Cpp\mingw-w64\x86_64-13.2.0-release-posix-seh-ucrt-rt_v11-rev0\mingw64\bin\x86_64-w64-mingw32-gcc.exe  -O2 -fomit-frame-pointer -Wall   -D_FILE_OFFSET_BITS=64 -D_LARGEFILE_SOURCE -U_FORTIFY_SOURCE    -c -o lib_debug.o lib_debug.c
    C:\Program Files\Venv\C_Cpp\mingw-w64\x86_64-13.2.0-release-posix-seh-ucrt-rt_v11-rev0\mingw64\bin\x86_64-w64-mingw32-gcc.exe  -O2 -fomit-frame-pointer -Wall   -D_FILE_OFFSET_BITS=64 -D_LARGEFILE_SOURCE -U_FORTIFY_SOURCE    -c -o lib_io.o lib_io.c
    CC        lj_opt_fold.o
    C:\Program Files\Venv\C_Cpp\mingw-w64\x86_64-13.2.0-release-posix-seh-ucrt-rt_v11-rev0\mingw64\bin\x86_64-w64-mingw32-gcc.exe  -O2 -fomit-frame-pointer -Wall   -D_FILE_OFFSET_BITS=64 -D_LARGEFILE_SOURCE -U_FORTIFY_SOURCE    -c -o lj_opt_fold_dyn.o lj_opt_fold.c
    C:\Program Files\Venv\C_Cpp\mingw-w64\x86_64-13.2.0-release-posix-seh-ucrt-rt_v11-rev0\mingw64\bin\x86_64-w64-mingw32-gcc.exe  -O2 -fomit-frame-pointer -Wall   -D_FILE_OFFSET_BITS=64 -D_LARGEFILE_SOURCE -U_FORTIFY_SOURCE    -c -o lj_err.o lj_err.c
    C:\Program Files\Venv\C_Cpp\mingw-w64\x86_64-13.2.0-release-posix-seh-ucrt-rt_v11-rev0\mingw64\bin\x86_64-w64-mingw32-gcc.exe  -O2 -fomit-frame-pointer -Wall   -D_FILE_OFFSET_BITS=64 -D_LARGEFILE_SOURCE -U_FORTIFY_SOURCE    -c -o lj_dispatch.o lj_dispatch.c
    C:\Program Files\Venv\C_Cpp\mingw-w64\x86_64-13.2.0-release-posix-seh-ucrt-rt_v11-rev0\mingw64\bin\x86_64-w64-mingw32-gcc.exe  -O2 -fomit-frame-pointer -Wall   -D_FILE_OFFSET_BITS=64 -D_LARGEFILE_SOURCE -U_FORTIFY_SOURCE    -c -o lib_ffi.o lib_ffi.c
    C:\Program Files\Venv\C_Cpp\mingw-w64\x86_64-13.2.0-release-posix-seh-ucrt-rt_v11-rev0\mingw64\bin\x86_64-w64-mingw32-gcc.exe  -O2 -fomit-frame-pointer -Wall   -D_FILE_OFFSET_BITS=64 -D_LARGEFILE_SOURCE -U_FORTIFY_SOURCE    -c -o lib_buffer.o lib_buffer.c
    C:\Program Files\Venv\C_Cpp\mingw-w64\x86_64-13.2.0-release-posix-seh-ucrt-rt_v11-rev0\mingw64\bin\x86_64-w64-mingw32-gcc.exe  -O2 -fomit-frame-pointer -Wall   -D_FILE_OFFSET_BITS=64 -D_LARGEFILE_SOURCE -U_FORTIFY_SOURCE    -c -o lib_base.o lib_base.c
    C:\Program Files\Venv\C_Cpp\mingw-w64\x86_64-13.2.0-release-posix-seh-ucrt-rt_v11-rev0\mingw64\bin\x86_64-w64-mingw32-gcc.exe  -O2 -fomit-frame-pointer -Wall   -D_FILE_OFFSET_BITS=64 -D_LARGEFILE_SOURCE -U_FORTIFY_SOURCE    -c -o lj_ffrecord.o lj_ffrecord.c
    C:\Program Files\Venv\C_Cpp\mingw-w64\x86_64-13.2.0-release-posix-seh-ucrt-rt_v11-rev0\mingw64\bin\x86_64-w64-mingw32-gcc.exe  -O2 -fomit-frame-pointer -Wall   -D_FILE_OFFSET_BITS=64 -D_LARGEFILE_SOURCE -U_FORTIFY_SOURCE    -c -o lib_jit.o lib_jit.c
    C:\Program Files\Venv\C_Cpp\mingw-w64\x86_64-13.2.0-release-posix-seh-ucrt-rt_v11-rev0\mingw64\bin\x86_64-w64-mingw32-gcc.exe  -O2 -fomit-frame-pointer -Wall   -D_FILE_OFFSET_BITS=64 -D_LARGEFILE_SOURCE -U_FORTIFY_SOURCE    -c -o lj_crecord.o lj_crecord.c
    C:\Program Files\Venv\C_Cpp\mingw-w64\x86_64-13.2.0-release-posix-seh-ucrt-rt_v11-rev0\mingw64\bin\x86_64-w64-mingw32-gcc.exe  -O2 -fomit-frame-pointer -Wall   -D_FILE_OFFSET_BITS=64 -D_LARGEFILE_SOURCE -U_FORTIFY_SOURCE    -c -o lj_record.o lj_record.c
    C:\Program Files\Venv\C_Cpp\mingw-w64\x86_64-13.2.0-release-posix-seh-ucrt-rt_v11-rev0\mingw64\bin\x86_64-w64-mingw32-gcc.exe  -O2 -fomit-frame-pointer -Wall   -D_FILE_OFFSET_BITS=64 -D_LARGEFILE_SOURCE -U_FORTIFY_SOURCE    -c -o lj_opt_fold.o lj_opt_fold.c
    AR        libluajit.a
    C:\Program Files\Venv\C_Cpp\mingw-w64\x86_64-13.2.0-release-posix-seh-ucrt-rt_v11-rev0\mingw64\bin\ar.exe rcus libluajit.a lj_vm.o lj_assert.o lj_gc.o lj_err.o lj_char.o lj_bc.o lj_obj.o lj_buf.o lj_str.o lj_tab.o lj_func.o lj_udata.o lj_meta.o lj_debug.o lj_prng.o lj_state.o lj_dispatch.o lj_vmevent.o lj_vmmath.o lj_strscan.o lj_strfmt.o lj_strfmt_num.o lj_serialize.o lj_api.o lj_profile.o lj_lex.o lj_parse.o lj_bcread.o lj_bcwrite.o lj_load.o lj_ir.o lj_opt_mem.o lj_opt_fold.o lj_opt_narrow.o lj_opt_dce.o lj_opt_loop.o lj_opt_split.o lj_opt_sink.o lj_mcode.o lj_snap.o lj_record.o lj_crecord.o lj_ffrecord.o lj_asm.o lj_trace.o lj_gdbjit.o lj_ctype.o lj_cdata.o lj_cconv.o lj_ccall.o lj_ccallback.o lj_carith.o lj_clib.o lj_cparse.o lj_lib.o lj_alloc.o lib_aux.o lib_base.o lib_math.o lib_bit.o lib_string.o lib_table.o lib_io.o lib_os.o lib_package.o lib_debug.o lib_jit.o lib_ffi.o lib_buffer.o lib_init.o
    LINK      luajit.exe
    C:\Program Files\Venv\C_Cpp\mingw-w64\x86_64-13.2.0-release-posix-seh-ucrt-rt_v11-rev0\mingw64\bin\x86_64-w64-mingw32-gcc.exe      -o luajit.exe luajit.o libluajit.a -lm  
    C:\Program Files\Venv\C_Cpp\mingw-w64\x86_64-13.2.0-release-posix-seh-ucrt-rt_v11-rev0\mingw64\bin\strip.exe luajit.exe
    OK        Successfully built LuaJIT
  [OK] luajit4cj-windows-x86_64-release-static 编译并打包: C:\workspace\Web\24w\three.cj\cxx\dist\luajit4cj-windows-x86_64-release-static-mingw.zip
  [OK] 已安装 lua51_x64.lib 与头文件到 C:\workspace\Web\24w\three.cj\libs

----- 组合 luajit4cj-windows-x86_64-release-shared / toolchain=mingw -----
  [release/x86_64] 清理 LuaJIT/src 构建产物 ...
  [release/x86_64] make HOST_CC=C:\Program Files\Venv\C_Cpp\mingw-w64\x86_64-13.2.0-release-posix-seh-ucrt-rt_v11-rev0\mingw64\bin\x86_64-w64-mingw32-gcc.exe TARGET_CC=C:\Program Files\Venv\C_Cpp\mingw-w64\x86_64-13.2.0-release-posix-seh-ucrt-rt_v11-rev0\mingw64\bin\x86_64-w64-mingw32-gcc.exe TARGET_STCC=C:\Program Files\Venv\C_Cpp\mingw-w64\x86_64-13.2.0-release-posix-seh-ucrt-rt_v11-rev0\mingw64\bin\x86_64-w64-mingw32-gcc.exe TARGET_DYNCC=C:\Program Files\Venv\C_Cpp\mingw-w64\x86_64-13.2.0-release-posix-seh-ucrt-rt_v11-rev0\mingw64\bin\x86_64-w64-mingw32-gcc.exe TARGET_SYS=Windows BUILDMODE=dynamic Q= TARGET_AR=C:\Program Files\Venv\C_Cpp\mingw-w64\x86_64-13.2.0-release-posix-seh-ucrt-rt_v11-rev0\mingw64\bin\ar.exe rcus TARGET_LD=C:\Program Files\Venv\C_Cpp\mingw-w64\x86_64-13.2.0-release-posix-seh-ucrt-rt_v11-rev0\mingw64\bin\x86_64-w64-mingw32-gcc.exe TARGET_STRIP=C:\Program Files\Venv\C_Cpp\mingw-w64\x86_64-13.2.0-release-posix-seh-ucrt-rt_v11-rev0\mingw64\bin\strip.exe ...
    HOSTCC    host/minilua.o
    HOSTCC    host/buildvm_asm.o
    HOSTCC    host/buildvm_peobj.o
    C:\Program Files\Venv\C_Cpp\mingw-w64\x86_64-13.2.0-release-posix-seh-ucrt-rt_v11-rev0\mingw64\bin\x86_64-w64-mingw32-gcc.exe  -O2 -fomit-frame-pointer -Wall   -I. -DLUAJIT_TARGET=LUAJIT_ARCH_x64 -DLJ_ARCH_HASFPU=1 -DLJ_ABI_SOFTFP=0  -c -o host/minilua.o host/minilua.c
    HOSTCC    host/buildvm_lib.o
    C:\Program Files\Venv\C_Cpp\mingw-w64\x86_64-13.2.0-release-posix-seh-ucrt-rt_v11-rev0\mingw64\bin\x86_64-w64-mingw32-gcc.exe  -O2 -fomit-frame-pointer -Wall   -I. -DLUAJIT_TARGET=LUAJIT_ARCH_x64 -DLJ_ARCH_HASFPU=1 -DLJ_ABI_SOFTFP=0  -c -o host/buildvm_asm.o host/buildvm_asm.c
    HOSTCC    host/buildvm_fold.o
    C:\Program Files\Venv\C_Cpp\mingw-w64\x86_64-13.2.0-release-posix-seh-ucrt-rt_v11-rev0\mingw64\bin\x86_64-w64-mingw32-gcc.exe  -O2 -fomit-frame-pointer -Wall   -I. -DLUAJIT_TARGET=LUAJIT_ARCH_x64 -DLJ_ARCH_HASFPU=1 -DLJ_ABI_SOFTFP=0  -c -o host/buildvm_peobj.o host/buildvm_peobj.c
    C:\Program Files\Venv\C_Cpp\mingw-w64\x86_64-13.2.0-release-posix-seh-ucrt-rt_v11-rev0\mingw64\bin\x86_64-w64-mingw32-gcc.exe  -O2 -fomit-frame-pointer -Wall   -I. -DLUAJIT_TARGET=LUAJIT_ARCH_x64 -DLJ_ARCH_HASFPU=1 -DLJ_ABI_SOFTFP=0  -c -o host/buildvm_lib.o host/buildvm_lib.c
    CC        lj_assert.o
    CC        lj_gc.o
    C:\Program Files\Venv\C_Cpp\mingw-w64\x86_64-13.2.0-release-posix-seh-ucrt-rt_v11-rev0\mingw64\bin\x86_64-w64-mingw32-gcc.exe  -O2 -fomit-frame-pointer -Wall   -I. -DLUAJIT_TARGET=LUAJIT_ARCH_x64 -DLJ_ARCH_HASFPU=1 -DLJ_ABI_SOFTFP=0  -c -o host/buildvm_fold.o host/buildvm_fold.c
    C:\Program Files\Venv\C_Cpp\mingw-w64\x86_64-13.2.0-release-posix-seh-ucrt-rt_v11-rev0\mingw64\bin\x86_64-w64-mingw32-gcc.exe  -O2 -fomit-frame-pointer -Wall   -D_FILE_OFFSET_BITS=64 -D_LARGEFILE_SOURCE -U_FORTIFY_SOURCE  -DLUA_BUILD_AS_DLL   -c -o lj_assert_dyn.o lj_assert.c
    C:\Program Files\Venv\C_Cpp\mingw-w64\x86_64-13.2.0-release-posix-seh-ucrt-rt_v11-rev0\mingw64\bin\x86_64-w64-mingw32-gcc.exe  -O2 -fomit-frame-pointer -Wall   -D_FILE_OFFSET_BITS=64 -D_LARGEFILE_SOURCE -U_FORTIFY_SOURCE  -DLUA_BUILD_AS_DLL   -c -o lj_gc_dyn.o lj_gc.c
    CC        lj_char.o
    CC        lj_obj.o
    CC        lj_buf.o
    C:\Program Files\Venv\C_Cpp\mingw-w64\x86_64-13.2.0-release-posix-seh-ucrt-rt_v11-rev0\mingw64\bin\x86_64-w64-mingw32-gcc.exe  -O2 -fomit-frame-pointer -Wall   -D_FILE_OFFSET_BITS=64 -D_LARGEFILE_SOURCE -U_FORTIFY_SOURCE  -DLUA_BUILD_AS_DLL   -c -o lj_char_dyn.o lj_char.c
    C:\Program Files\Venv\C_Cpp\mingw-w64\x86_64-13.2.0-release-posix-seh-ucrt-rt_v11-rev0\mingw64\bin\x86_64-w64-mingw32-gcc.exe  -O2 -fomit-frame-pointer -Wall   -D_FILE_OFFSET_BITS=64 -D_LARGEFILE_SOURCE -U_FORTIFY_SOURCE  -DLUA_BUILD_AS_DLL   -c -o lj_obj_dyn.o lj_obj.c
    C:\Program Files\Venv\C_Cpp\mingw-w64\x86_64-13.2.0-release-posix-seh-ucrt-rt_v11-rev0\mingw64\bin\x86_64-w64-mingw32-gcc.exe  -O2 -fomit-frame-pointer -Wall   -D_FILE_OFFSET_BITS=64 -D_LARGEFILE_SOURCE -U_FORTIFY_SOURCE  -DLUA_BUILD_AS_DLL   -c -o lj_buf_dyn.o lj_buf.c
    CC        lj_func.o
    CC        lj_str.o
    C:\Program Files\Venv\C_Cpp\mingw-w64\x86_64-13.2.0-release-posix-seh-ucrt-rt_v11-rev0\mingw64\bin\x86_64-w64-mingw32-gcc.exe  -O2 -fomit-frame-pointer -Wall   -D_FILE_OFFSET_BITS=64 -D_LARGEFILE_SOURCE -U_FORTIFY_SOURCE  -DLUA_BUILD_AS_DLL   -c -o lj_str_dyn.o lj_str.c
    C:\Program Files\Venv\C_Cpp\mingw-w64\x86_64-13.2.0-release-posix-seh-ucrt-rt_v11-rev0\mingw64\bin\x86_64-w64-mingw32-gcc.exe  -O2 -fomit-frame-pointer -Wall   -D_FILE_OFFSET_BITS=64 -D_LARGEFILE_SOURCE -U_FORTIFY_SOURCE  -DLUA_BUILD_AS_DLL   -c -o lj_func_dyn.o lj_func.c
    CC        lj_tab.o
    CC        lj_udata.o
    C:\Program Files\Venv\C_Cpp\mingw-w64\x86_64-13.2.0-release-posix-seh-ucrt-rt_v11-rev0\mingw64\bin\x86_64-w64-mingw32-gcc.exe  -O2 -fomit-frame-pointer -Wall   -D_FILE_OFFSET_BITS=64 -D_LARGEFILE_SOURCE -U_FORTIFY_SOURCE  -DLUA_BUILD_AS_DLL   -c -o lj_assert.o lj_assert.c
    C:\Program Files\Venv\C_Cpp\mingw-w64\x86_64-13.2.0-release-posix-seh-ucrt-rt_v11-rev0\mingw64\bin\x86_64-w64-mingw32-gcc.exe  -O2 -fomit-frame-pointer -Wall   -D_FILE_OFFSET_BITS=64 -D_LARGEFILE_SOURCE -U_FORTIFY_SOURCE  -DLUA_BUILD_AS_DLL   -c -o lj_tab_dyn.o lj_tab.c
    C:\Program Files\Venv\C_Cpp\mingw-w64\x86_64-13.2.0-release-posix-seh-ucrt-rt_v11-rev0\mingw64\bin\x86_64-w64-mingw32-gcc.exe  -O2 -fomit-frame-pointer -Wall   -D_FILE_OFFSET_BITS=64 -D_LARGEFILE_SOURCE -U_FORTIFY_SOURCE  -DLUA_BUILD_AS_DLL   -c -o lj_udata_dyn.o lj_udata.c
    CC        lj_meta.o
    C:\Program Files\Venv\C_Cpp\mingw-w64\x86_64-13.2.0-release-posix-seh-ucrt-rt_v11-rev0\mingw64\bin\x86_64-w64-mingw32-gcc.exe  -O2 -fomit-frame-pointer -Wall   -D_FILE_OFFSET_BITS=64 -D_LARGEFILE_SOURCE -U_FORTIFY_SOURCE  -DLUA_BUILD_AS_DLL   -c -o lj_meta_dyn.o lj_meta.c
    CC        lj_debug.o
    C:\Program Files\Venv\C_Cpp\mingw-w64\x86_64-13.2.0-release-posix-seh-ucrt-rt_v11-rev0\mingw64\bin\x86_64-w64-mingw32-gcc.exe  -O2 -fomit-frame-pointer -Wall   -D_FILE_OFFSET_BITS=64 -D_LARGEFILE_SOURCE -U_FORTIFY_SOURCE  -DLUA_BUILD_AS_DLL   -c -o lj_debug_dyn.o lj_debug.c
    C:\Program Files\Venv\C_Cpp\mingw-w64\x86_64-13.2.0-release-posix-seh-ucrt-rt_v11-rev0\mingw64\bin\x86_64-w64-mingw32-gcc.exe  -O2 -fomit-frame-pointer -Wall   -D_FILE_OFFSET_BITS=64 -D_LARGEFILE_SOURCE -U_FORTIFY_SOURCE  -DLUA_BUILD_AS_DLL   -c -o lj_char.o lj_char.c
    C:\Program Files\Venv\C_Cpp\mingw-w64\x86_64-13.2.0-release-posix-seh-ucrt-rt_v11-rev0\mingw64\bin\x86_64-w64-mingw32-gcc.exe  -O2 -fomit-frame-pointer -Wall   -D_FILE_OFFSET_BITS=64 -D_LARGEFILE_SOURCE -U_FORTIFY_SOURCE  -DLUA_BUILD_AS_DLL   -c -o lj_obj.o lj_obj.c
    CC        lj_vmevent.o
    CC        lj_prng.o
    C:\Program Files\Venv\C_Cpp\mingw-w64\x86_64-13.2.0-release-posix-seh-ucrt-rt_v11-rev0\mingw64\bin\x86_64-w64-mingw32-gcc.exe  -O2 -fomit-frame-pointer -Wall   -D_FILE_OFFSET_BITS=64 -D_LARGEFILE_SOURCE -U_FORTIFY_SOURCE  -DLUA_BUILD_AS_DLL   -c -o lj_prng_dyn.o lj_prng.c
    C:\Program Files\Venv\C_Cpp\mingw-w64\x86_64-13.2.0-release-posix-seh-ucrt-rt_v11-rev0\mingw64\bin\x86_64-w64-mingw32-gcc.exe  -O2 -fomit-frame-pointer -Wall   -D_FILE_OFFSET_BITS=64 -D_LARGEFILE_SOURCE -U_FORTIFY_SOURCE  -DLUA_BUILD_AS_DLL   -c -o lj_vmevent_dyn.o lj_vmevent.c
    CC        lj_vmmath.o
    C:\Program Files\Venv\C_Cpp\mingw-w64\x86_64-13.2.0-release-posix-seh-ucrt-rt_v11-rev0\mingw64\bin\x86_64-w64-mingw32-gcc.exe  -O2 -fomit-frame-pointer -Wall   -D_FILE_OFFSET_BITS=64 -D_LARGEFILE_SOURCE -U_FORTIFY_SOURCE  -DLUA_BUILD_AS_DLL   -c -o lj_vmmath_dyn.o lj_vmmath.c
    C:\Program Files\Venv\C_Cpp\mingw-w64\x86_64-13.2.0-release-posix-seh-ucrt-rt_v11-rev0\mingw64\bin\x86_64-w64-mingw32-gcc.exe  -O2 -fomit-frame-pointer -Wall   -D_FILE_OFFSET_BITS=64 -D_LARGEFILE_SOURCE -U_FORTIFY_SOURCE  -DLUA_BUILD_AS_DLL   -c -o lj_udata.o lj_udata.c
    C:\Program Files\Venv\C_Cpp\mingw-w64\x86_64-13.2.0-release-posix-seh-ucrt-rt_v11-rev0\mingw64\bin\x86_64-w64-mingw32-gcc.exe  -O2 -fomit-frame-pointer -Wall   -D_FILE_OFFSET_BITS=64 -D_LARGEFILE_SOURCE -U_FORTIFY_SOURCE  -DLUA_BUILD_AS_DLL   -c -o lj_buf.o lj_buf.c
    CC        lj_strscan.o
    C:\Program Files\Venv\C_Cpp\mingw-w64\x86_64-13.2.0-release-posix-seh-ucrt-rt_v11-rev0\mingw64\bin\x86_64-w64-mingw32-gcc.exe  -O2 -fomit-frame-pointer -Wall   -D_FILE_OFFSET_BITS=64 -D_LARGEFILE_SOURCE -U_FORTIFY_SOURCE  -DLUA_BUILD_AS_DLL   -c -o lj_str.o lj_str.c
    C:\Program Files\Venv\C_Cpp\mingw-w64\x86_64-13.2.0-release-posix-seh-ucrt-rt_v11-rev0\mingw64\bin\x86_64-w64-mingw32-gcc.exe  -O2 -fomit-frame-pointer -Wall   -D_FILE_OFFSET_BITS=64 -D_LARGEFILE_SOURCE -U_FORTIFY_SOURCE  -DLUA_BUILD_AS_DLL   -c -o lj_strscan_dyn.o lj_strscan.c
    CC        lj_strfmt.o
    C:\Program Files\Venv\C_Cpp\mingw-w64\x86_64-13.2.0-release-posix-seh-ucrt-rt_v11-rev0\mingw64\bin\x86_64-w64-mingw32-gcc.exe  -O2 -fomit-frame-pointer -Wall   -D_FILE_OFFSET_BITS=64 -D_LARGEFILE_SOURCE -U_FORTIFY_SOURCE  -DLUA_BUILD_AS_DLL   -c -o lj_strfmt_dyn.o lj_strfmt.c
    CC        lj_strfmt_num.o
    C:\Program Files\Venv\C_Cpp\mingw-w64\x86_64-13.2.0-release-posix-seh-ucrt-rt_v11-rev0\mingw64\bin\x86_64-w64-mingw32-gcc.exe  -O2 -fomit-frame-pointer -Wall   -D_FILE_OFFSET_BITS=64 -D_LARGEFILE_SOURCE -U_FORTIFY_SOURCE  -DLUA_BUILD_AS_DLL   -c -o lj_strfmt_num_dyn.o lj_strfmt_num.c
    CC        lj_serialize.o
    C:\Program Files\Venv\C_Cpp\mingw-w64\x86_64-13.2.0-release-posix-seh-ucrt-rt_v11-rev0\mingw64\bin\x86_64-w64-mingw32-gcc.exe  -O2 -fomit-frame-pointer -Wall   -D_FILE_OFFSET_BITS=64 -D_LARGEFILE_SOURCE -U_FORTIFY_SOURCE  -DLUA_BUILD_AS_DLL   -c -o lj_serialize_dyn.o lj_serialize.c
    C:\Program Files\Venv\C_Cpp\mingw-w64\x86_64-13.2.0-release-posix-seh-ucrt-rt_v11-rev0\mingw64\bin\x86_64-w64-mingw32-gcc.exe  -O2 -fomit-frame-pointer -Wall   -D_FILE_OFFSET_BITS=64 -D_LARGEFILE_SOURCE -U_FORTIFY_SOURCE  -DLUA_BUILD_AS_DLL   -c -o lj_tab.o lj_tab.c
    C:\Program Files\Venv\C_Cpp\mingw-w64\x86_64-13.2.0-release-posix-seh-ucrt-rt_v11-rev0\mingw64\bin\x86_64-w64-mingw32-gcc.exe  -O2 -fomit-frame-pointer -Wall   -D_FILE_OFFSET_BITS=64 -D_LARGEFILE_SOURCE -U_FORTIFY_SOURCE  -DLUA_BUILD_AS_DLL   -c -o lj_vmmath.o lj_vmmath.c
    C:\Program Files\Venv\C_Cpp\mingw-w64\x86_64-13.2.0-release-posix-seh-ucrt-rt_v11-rev0\mingw64\bin\x86_64-w64-mingw32-gcc.exe  -O2 -fomit-frame-pointer -Wall   -D_FILE_OFFSET_BITS=64 -D_LARGEFILE_SOURCE -U_FORTIFY_SOURCE  -DLUA_BUILD_AS_DLL   -c -o lj_meta.o lj_meta.c
    CC        lj_api.o
    C:\Program Files\Venv\C_Cpp\mingw-w64\x86_64-13.2.0-release-posix-seh-ucrt-rt_v11-rev0\mingw64\bin\x86_64-w64-mingw32-gcc.exe  -O2 -fomit-frame-pointer -Wall   -D_FILE_OFFSET_BITS=64 -D_LARGEFILE_SOURCE -U_FORTIFY_SOURCE  -DLUA_BUILD_AS_DLL   -c -o lj_api_dyn.o lj_api.c
    C:\Program Files\Venv\C_Cpp\mingw-w64\x86_64-13.2.0-release-posix-seh-ucrt-rt_v11-rev0\mingw64\bin\x86_64-w64-mingw32-gcc.exe  -O2 -fomit-frame-pointer -Wall   -D_FILE_OFFSET_BITS=64 -D_LARGEFILE_SOURCE -U_FORTIFY_SOURCE  -DLUA_BUILD_AS_DLL   -c -o lj_debug.o lj_debug.c
    CC        lj_lex.o
    C:\Program Files\Venv\C_Cpp\mingw-w64\x86_64-13.2.0-release-posix-seh-ucrt-rt_v11-rev0\mingw64\bin\x86_64-w64-mingw32-gcc.exe  -O2 -fomit-frame-pointer -Wall   -D_FILE_OFFSET_BITS=64 -D_LARGEFILE_SOURCE -U_FORTIFY_SOURCE  -DLUA_BUILD_AS_DLL   -c -o lj_lex_dyn.o lj_lex.c
    C:\Program Files\Venv\C_Cpp\mingw-w64\x86_64-13.2.0-release-posix-seh-ucrt-rt_v11-rev0\mingw64\bin\x86_64-w64-mingw32-gcc.exe  -O2 -fomit-frame-pointer -Wall   -D_FILE_OFFSET_BITS=64 -D_LARGEFILE_SOURCE -U_FORTIFY_SOURCE  -DLUA_BUILD_AS_DLL   -c -o lj_strscan.o lj_strscan.c
    CC        lj_parse.o
    C:\Program Files\Venv\C_Cpp\mingw-w64\x86_64-13.2.0-release-posix-seh-ucrt-rt_v11-rev0\mingw64\bin\x86_64-w64-mingw32-gcc.exe  -O2 -fomit-frame-pointer -Wall   -D_FILE_OFFSET_BITS=64 -D_LARGEFILE_SOURCE -U_FORTIFY_SOURCE  -DLUA_BUILD_AS_DLL   -c -o lj_parse_dyn.o lj_parse.c
    C:\Program Files\Venv\C_Cpp\mingw-w64\x86_64-13.2.0-release-posix-seh-ucrt-rt_v11-rev0\mingw64\bin\x86_64-w64-mingw32-gcc.exe  -O2 -fomit-frame-pointer -Wall   -D_FILE_OFFSET_BITS=64 -D_LARGEFILE_SOURCE -U_FORTIFY_SOURCE  -DLUA_BUILD_AS_DLL   -c -o lj_strfmt.o lj_strfmt.c
    CC        lj_bcread.o
    C:\Program Files\Venv\C_Cpp\mingw-w64\x86_64-13.2.0-release-posix-seh-ucrt-rt_v11-rev0\mingw64\bin\x86_64-w64-mingw32-gcc.exe  -O2 -fomit-frame-pointer -Wall   -D_FILE_OFFSET_BITS=64 -D_LARGEFILE_SOURCE -U_FORTIFY_SOURCE  -DLUA_BUILD_AS_DLL   -c -o lj_bcread_dyn.o lj_bcread.c
    C:\Program Files\Venv\C_Cpp\mingw-w64\x86_64-13.2.0-release-posix-seh-ucrt-rt_v11-rev0\mingw64\bin\x86_64-w64-mingw32-gcc.exe  -O2 -fomit-frame-pointer -Wall   -D_FILE_OFFSET_BITS=64 -D_LARGEFILE_SOURCE -U_FORTIFY_SOURCE  -DLUA_BUILD_AS_DLL   -c -o lj_func.o lj_func.c
    C:\Program Files\Venv\C_Cpp\mingw-w64\x86_64-13.2.0-release-posix-seh-ucrt-rt_v11-rev0\mingw64\bin\x86_64-w64-mingw32-gcc.exe  -O2 -fomit-frame-pointer -Wall   -D_FILE_OFFSET_BITS=64 -D_LARGEFILE_SOURCE -U_FORTIFY_SOURCE  -DLUA_BUILD_AS_DLL   -c -o lj_prng.o lj_prng.c
    C:\Program Files\Venv\C_Cpp\mingw-w64\x86_64-13.2.0-release-posix-seh-ucrt-rt_v11-rev0\mingw64\bin\x86_64-w64-mingw32-gcc.exe  -O2 -fomit-frame-pointer -Wall   -D_FILE_OFFSET_BITS=64 -D_LARGEFILE_SOURCE -U_FORTIFY_SOURCE  -DLUA_BUILD_AS_DLL   -c -o lj_strfmt_num.o lj_strfmt_num.c
    C:\Program Files\Venv\C_Cpp\mingw-w64\x86_64-13.2.0-release-posix-seh-ucrt-rt_v11-rev0\mingw64\bin\x86_64-w64-mingw32-gcc.exe  -O2 -fomit-frame-pointer -Wall   -D_FILE_OFFSET_BITS=64 -D_LARGEFILE_SOURCE -U_FORTIFY_SOURCE  -DLUA_BUILD_AS_DLL   -c -o lj_serialize.o lj_serialize.c
    CC        lj_bcwrite.o
    C:\Program Files\Venv\C_Cpp\mingw-w64\x86_64-13.2.0-release-posix-seh-ucrt-rt_v11-rev0\mingw64\bin\x86_64-w64-mingw32-gcc.exe  -O2 -fomit-frame-pointer -Wall   -D_FILE_OFFSET_BITS=64 -D_LARGEFILE_SOURCE -U_FORTIFY_SOURCE  -DLUA_BUILD_AS_DLL   -c -o lj_bcwrite_dyn.o lj_bcwrite.c
    C:\Program Files\Venv\C_Cpp\mingw-w64\x86_64-13.2.0-release-posix-seh-ucrt-rt_v11-rev0\mingw64\bin\x86_64-w64-mingw32-gcc.exe  -O2 -fomit-frame-pointer -Wall   -D_FILE_OFFSET_BITS=64 -D_LARGEFILE_SOURCE -U_FORTIFY_SOURCE  -DLUA_BUILD_AS_DLL   -c -o lj_gc.o lj_gc.c
    C:\Program Files\Venv\C_Cpp\mingw-w64\x86_64-13.2.0-release-posix-seh-ucrt-rt_v11-rev0\mingw64\bin\x86_64-w64-mingw32-gcc.exe  -O2 -fomit-frame-pointer -Wall   -D_FILE_OFFSET_BITS=64 -D_LARGEFILE_SOURCE -U_FORTIFY_SOURCE  -DLUA_BUILD_AS_DLL   -c -o lj_vmevent.o lj_vmevent.c
    CC        lj_load.o
    C:\Program Files\Venv\C_Cpp\mingw-w64\x86_64-13.2.0-release-posix-seh-ucrt-rt_v11-rev0\mingw64\bin\x86_64-w64-mingw32-gcc.exe  -O2 -fomit-frame-pointer -Wall   -D_FILE_OFFSET_BITS=64 -D_LARGEFILE_SOURCE -U_FORTIFY_SOURCE  -DLUA_BUILD_AS_DLL   -c -o lj_load_dyn.o lj_load.c
    CC        lj_ir.o
    C:\Program Files\Venv\C_Cpp\mingw-w64\x86_64-13.2.0-release-posix-seh-ucrt-rt_v11-rev0\mingw64\bin\x86_64-w64-mingw32-gcc.exe  -O2 -fomit-frame-pointer -Wall   -D_FILE_OFFSET_BITS=64 -D_LARGEFILE_SOURCE -U_FORTIFY_SOURCE  -DLUA_BUILD_AS_DLL   -c -o lj_ir_dyn.o lj_ir.c
    C:\Program Files\Venv\C_Cpp\mingw-w64\x86_64-13.2.0-release-posix-seh-ucrt-rt_v11-rev0\mingw64\bin\x86_64-w64-mingw32-gcc.exe  -O2 -fomit-frame-pointer -Wall   -D_FILE_OFFSET_BITS=64 -D_LARGEFILE_SOURCE -U_FORTIFY_SOURCE  -DLUA_BUILD_AS_DLL   -c -o lj_lex.o lj_lex.c
    C:\Program Files\Venv\C_Cpp\mingw-w64\x86_64-13.2.0-release-posix-seh-ucrt-rt_v11-rev0\mingw64\bin\x86_64-w64-mingw32-gcc.exe  -O2 -fomit-frame-pointer -Wall   -D_FILE_OFFSET_BITS=64 -D_LARGEFILE_SOURCE -U_FORTIFY_SOURCE  -DLUA_BUILD_AS_DLL   -c -o lj_bcread.o lj_bcread.c
    CC        lj_opt_mem.o
    C:\Program Files\Venv\C_Cpp\mingw-w64\x86_64-13.2.0-release-posix-seh-ucrt-rt_v11-rev0\mingw64\bin\x86_64-w64-mingw32-gcc.exe  -O2 -fomit-frame-pointer -Wall   -D_FILE_OFFSET_BITS=64 -D_LARGEFILE_SOURCE -U_FORTIFY_SOURCE  -DLUA_BUILD_AS_DLL   -c -o lj_opt_mem_dyn.o lj_opt_mem.c
    CC        lj_opt_narrow.o
    C:\Program Files\Venv\C_Cpp\mingw-w64\x86_64-13.2.0-release-posix-seh-ucrt-rt_v11-rev0\mingw64\bin\x86_64-w64-mingw32-gcc.exe  -O2 -fomit-frame-pointer -Wall   -D_FILE_OFFSET_BITS=64 -D_LARGEFILE_SOURCE -U_FORTIFY_SOURCE  -DLUA_BUILD_AS_DLL   -c -o lj_opt_narrow_dyn.o lj_opt_narrow.c
    C:\Program Files\Venv\C_Cpp\mingw-w64\x86_64-13.2.0-release-posix-seh-ucrt-rt_v11-rev0\mingw64\bin\x86_64-w64-mingw32-gcc.exe  -O2 -fomit-frame-pointer -Wall   -D_FILE_OFFSET_BITS=64 -D_LARGEFILE_SOURCE -U_FORTIFY_SOURCE  -DLUA_BUILD_AS_DLL   -c -o lj_load.o lj_load.c
    CC        lj_opt_dce.o
    C:\Program Files\Venv\C_Cpp\mingw-w64\x86_64-13.2.0-release-posix-seh-ucrt-rt_v11-rev0\mingw64\bin\x86_64-w64-mingw32-gcc.exe  -O2 -fomit-frame-pointer -Wall   -D_FILE_OFFSET_BITS=64 -D_LARGEFILE_SOURCE -U_FORTIFY_SOURCE  -DLUA_BUILD_AS_DLL   -c -o lj_opt_dce_dyn.o lj_opt_dce.c
    CC        lj_opt_loop.o
    C:\Program Files\Venv\C_Cpp\mingw-w64\x86_64-13.2.0-release-posix-seh-ucrt-rt_v11-rev0\mingw64\bin\x86_64-w64-mingw32-gcc.exe  -O2 -fomit-frame-pointer -Wall   -D_FILE_OFFSET_BITS=64 -D_LARGEFILE_SOURCE -U_FORTIFY_SOURCE  -DLUA_BUILD_AS_DLL   -c -o lj_opt_loop_dyn.o lj_opt_loop.c
    CC        lj_opt_split.o
    C:\Program Files\Venv\C_Cpp\mingw-w64\x86_64-13.2.0-release-posix-seh-ucrt-rt_v11-rev0\mingw64\bin\x86_64-w64-mingw32-gcc.exe  -O2 -fomit-frame-pointer -Wall   -D_FILE_OFFSET_BITS=64 -D_LARGEFILE_SOURCE -U_FORTIFY_SOURCE  -DLUA_BUILD_AS_DLL   -c -o lj_opt_dce.o lj_opt_dce.c
    C:\Program Files\Venv\C_Cpp\mingw-w64\x86_64-13.2.0-release-posix-seh-ucrt-rt_v11-rev0\mingw64\bin\x86_64-w64-mingw32-gcc.exe  -O2 -fomit-frame-pointer -Wall   -D_FILE_OFFSET_BITS=64 -D_LARGEFILE_SOURCE -U_FORTIFY_SOURCE  -DLUA_BUILD_AS_DLL   -c -o lj_opt_split_dyn.o lj_opt_split.c
    CC        lj_mcode.o
    C:\Program Files\Venv\C_Cpp\mingw-w64\x86_64-13.2.0-release-posix-seh-ucrt-rt_v11-rev0\mingw64\bin\x86_64-w64-mingw32-gcc.exe  -O2 -fomit-frame-pointer -Wall   -D_FILE_OFFSET_BITS=64 -D_LARGEFILE_SOURCE -U_FORTIFY_SOURCE  -DLUA_BUILD_AS_DLL   -c -o lj_mcode_dyn.o lj_mcode.c
    CC        lj_opt_sink.o
    C:\Program Files\Venv\C_Cpp\mingw-w64\x86_64-13.2.0-release-posix-seh-ucrt-rt_v11-rev0\mingw64\bin\x86_64-w64-mingw32-gcc.exe  -O2 -fomit-frame-pointer -Wall   -D_FILE_OFFSET_BITS=64 -D_LARGEFILE_SOURCE -U_FORTIFY_SOURCE  -DLUA_BUILD_AS_DLL   -c -o lj_opt_sink_dyn.o lj_opt_sink.c
    C:\Program Files\Venv\C_Cpp\mingw-w64\x86_64-13.2.0-release-posix-seh-ucrt-rt_v11-rev0\mingw64\bin\x86_64-w64-mingw32-gcc.exe  -O2 -fomit-frame-pointer -Wall   -D_FILE_OFFSET_BITS=64 -D_LARGEFILE_SOURCE -U_FORTIFY_SOURCE  -DLUA_BUILD_AS_DLL   -c -o lj_api.o lj_api.c
    C:\Program Files\Venv\C_Cpp\mingw-w64\x86_64-13.2.0-release-posix-seh-ucrt-rt_v11-rev0\mingw64\bin\x86_64-w64-mingw32-gcc.exe  -O2 -fomit-frame-pointer -Wall   -D_FILE_OFFSET_BITS=64 -D_LARGEFILE_SOURCE -U_FORTIFY_SOURCE  -DLUA_BUILD_AS_DLL   -c -o lj_opt_split.o lj_opt_split.c
    CC        lj_snap.o
    CC        lj_asm.o
    C:\Program Files\Venv\C_Cpp\mingw-w64\x86_64-13.2.0-release-posix-seh-ucrt-rt_v11-rev0\mingw64\bin\x86_64-w64-mingw32-gcc.exe  -O2 -fomit-frame-pointer -Wall   -D_FILE_OFFSET_BITS=64 -D_LARGEFILE_SOURCE -U_FORTIFY_SOURCE  -DLUA_BUILD_AS_DLL   -c -o lj_snap_dyn.o lj_snap.c
    C:\Program Files\Venv\C_Cpp\mingw-w64\x86_64-13.2.0-release-posix-seh-ucrt-rt_v11-rev0\mingw64\bin\x86_64-w64-mingw32-gcc.exe  -O2 -fomit-frame-pointer -Wall   -D_FILE_OFFSET_BITS=64 -D_LARGEFILE_SOURCE -U_FORTIFY_SOURCE  -DLUA_BUILD_AS_DLL   -c -o lj_asm_dyn.o lj_asm.c
    C:\Program Files\Venv\C_Cpp\mingw-w64\x86_64-13.2.0-release-posix-seh-ucrt-rt_v11-rev0\mingw64\bin\x86_64-w64-mingw32-gcc.exe  -O2 -fomit-frame-pointer -Wall   -D_FILE_OFFSET_BITS=64 -D_LARGEFILE_SOURCE -U_FORTIFY_SOURCE  -DLUA_BUILD_AS_DLL   -c -o lj_parse.o lj_parse.c
    CC        lj_trace.o
    C:\Program Files\Venv\C_Cpp\mingw-w64\x86_64-13.2.0-release-posix-seh-ucrt-rt_v11-rev0\mingw64\bin\x86_64-w64-mingw32-gcc.exe  -O2 -fomit-frame-pointer -Wall   -D_FILE_OFFSET_BITS=64 -D_LARGEFILE_SOURCE -U_FORTIFY_SOURCE  -DLUA_BUILD_AS_DLL   -c -o lj_trace_dyn.o lj_trace.c
    C:\Program Files\Venv\C_Cpp\mingw-w64\x86_64-13.2.0-release-posix-seh-ucrt-rt_v11-rev0\mingw64\bin\x86_64-w64-mingw32-gcc.exe  -O2 -fomit-frame-pointer -Wall   -D_FILE_OFFSET_BITS=64 -D_LARGEFILE_SOURCE -U_FORTIFY_SOURCE  -DLUA_BUILD_AS_DLL   -c -o lj_opt_sink.o lj_opt_sink.c
    CC        lj_gdbjit.o
    C:\Program Files\Venv\C_Cpp\mingw-w64\x86_64-13.2.0-release-posix-seh-ucrt-rt_v11-rev0\mingw64\bin\x86_64-w64-mingw32-gcc.exe  -O2 -fomit-frame-pointer -Wall   -D_FILE_OFFSET_BITS=64 -D_LARGEFILE_SOURCE -U_FORTIFY_SOURCE  -DLUA_BUILD_AS_DLL   -c -o lj_gdbjit_dyn.o lj_gdbjit.c
    C:\Program Files\Venv\C_Cpp\mingw-w64\x86_64-13.2.0-release-posix-seh-ucrt-rt_v11-rev0\mingw64\bin\x86_64-w64-mingw32-gcc.exe  -O2 -fomit-frame-pointer -Wall   -D_FILE_OFFSET_BITS=64 -D_LARGEFILE_SOURCE -U_FORTIFY_SOURCE  -DLUA_BUILD_AS_DLL   -c -o lj_bcwrite.o lj_bcwrite.c
    CC        lj_ctype.o
    C:\Program Files\Venv\C_Cpp\mingw-w64\x86_64-13.2.0-release-posix-seh-ucrt-rt_v11-rev0\mingw64\bin\x86_64-w64-mingw32-gcc.exe  -O2 -fomit-frame-pointer -Wall   -D_FILE_OFFSET_BITS=64 -D_LARGEFILE_SOURCE -U_FORTIFY_SOURCE  -DLUA_BUILD_AS_DLL   -c -o lj_ctype_dyn.o lj_ctype.c
    C:\Program Files\Venv\C_Cpp\mingw-w64\x86_64-13.2.0-release-posix-seh-ucrt-rt_v11-rev0\mingw64\bin\x86_64-w64-mingw32-gcc.exe  -O2 -fomit-frame-pointer -Wall   -D_FILE_OFFSET_BITS=64 -D_LARGEFILE_SOURCE -U_FORTIFY_SOURCE  -DLUA_BUILD_AS_DLL   -c -o lj_ir.o lj_ir.c
    CC        lj_cdata.o
    C:\Program Files\Venv\C_Cpp\mingw-w64\x86_64-13.2.0-release-posix-seh-ucrt-rt_v11-rev0\mingw64\bin\x86_64-w64-mingw32-gcc.exe  -O2 -fomit-frame-pointer -Wall   -D_FILE_OFFSET_BITS=64 -D_LARGEFILE_SOURCE -U_FORTIFY_SOURCE  -DLUA_BUILD_AS_DLL   -c -o lj_cdata_dyn.o lj_cdata.c
    C:\Program Files\Venv\C_Cpp\mingw-w64\x86_64-13.2.0-release-posix-seh-ucrt-rt_v11-rev0\mingw64\bin\x86_64-w64-mingw32-gcc.exe  -O2 -fomit-frame-pointer -Wall   -D_FILE_OFFSET_BITS=64 -D_LARGEFILE_SOURCE -U_FORTIFY_SOURCE  -DLUA_BUILD_AS_DLL   -c -o lj_opt_narrow.o lj_opt_narrow.c
    CC        lj_cconv.o
    C:\Program Files\Venv\C_Cpp\mingw-w64\x86_64-13.2.0-release-posix-seh-ucrt-rt_v11-rev0\mingw64\bin\x86_64-w64-mingw32-gcc.exe  -O2 -fomit-frame-pointer -Wall   -D_FILE_OFFSET_BITS=64 -D_LARGEFILE_SOURCE -U_FORTIFY_SOURCE  -DLUA_BUILD_AS_DLL   -c -o lj_cconv_dyn.o lj_cconv.c
    C:\Program Files\Venv\C_Cpp\mingw-w64\x86_64-13.2.0-release-posix-seh-ucrt-rt_v11-rev0\mingw64\bin\x86_64-w64-mingw32-gcc.exe  -O2 -fomit-frame-pointer -Wall   -D_FILE_OFFSET_BITS=64 -D_LARGEFILE_SOURCE -U_FORTIFY_SOURCE  -DLUA_BUILD_AS_DLL   -c -o lj_opt_loop.o lj_opt_loop.c
    C:\Program Files\Venv\C_Cpp\mingw-w64\x86_64-13.2.0-release-posix-seh-ucrt-rt_v11-rev0\mingw64\bin\x86_64-w64-mingw32-gcc.exe  -O2 -fomit-frame-pointer -Wall   -D_FILE_OFFSET_BITS=64 -D_LARGEFILE_SOURCE -U_FORTIFY_SOURCE  -DLUA_BUILD_AS_DLL   -c -o lj_opt_mem.o lj_opt_mem.c
    C:\Program Files\Venv\C_Cpp\mingw-w64\x86_64-13.2.0-release-posix-seh-ucrt-rt_v11-rev0\mingw64\bin\x86_64-w64-mingw32-gcc.exe  -O2 -fomit-frame-pointer -Wall   -D_FILE_OFFSET_BITS=64 -D_LARGEFILE_SOURCE -U_FORTIFY_SOURCE  -DLUA_BUILD_AS_DLL   -c -o lj_mcode.o lj_mcode.c
    C:\Program Files\Venv\C_Cpp\mingw-w64\x86_64-13.2.0-release-posix-seh-ucrt-rt_v11-rev0\mingw64\bin\x86_64-w64-mingw32-gcc.exe  -O2 -fomit-frame-pointer -Wall   -D_FILE_OFFSET_BITS=64 -D_LARGEFILE_SOURCE -U_FORTIFY_SOURCE  -DLUA_BUILD_AS_DLL   -c -o lj_cdata.o lj_cdata.c
    C:\Program Files\Venv\C_Cpp\mingw-w64\x86_64-13.2.0-release-posix-seh-ucrt-rt_v11-rev0\mingw64\bin\x86_64-w64-mingw32-gcc.exe  -O2 -fomit-frame-pointer -Wall   -D_FILE_OFFSET_BITS=64 -D_LARGEFILE_SOURCE -U_FORTIFY_SOURCE  -DLUA_BUILD_AS_DLL   -c -o lj_ctype.o lj_ctype.c
    C:\Program Files\Venv\C_Cpp\mingw-w64\x86_64-13.2.0-release-posix-seh-ucrt-rt_v11-rev0\mingw64\bin\x86_64-w64-mingw32-gcc.exe  -O2 -fomit-frame-pointer -Wall   -D_FILE_OFFSET_BITS=64 -D_LARGEFILE_SOURCE -U_FORTIFY_SOURCE  -DLUA_BUILD_AS_DLL   -c -o lj_cconv.o lj_cconv.c
    CC        lj_ccall.o
    C:\Program Files\Venv\C_Cpp\mingw-w64\x86_64-13.2.0-release-posix-seh-ucrt-rt_v11-rev0\mingw64\bin\x86_64-w64-mingw32-gcc.exe  -O2 -fomit-frame-pointer -Wall   -D_FILE_OFFSET_BITS=64 -D_LARGEFILE_SOURCE -U_FORTIFY_SOURCE  -DLUA_BUILD_AS_DLL   -c -o lj_gdbjit.o lj_gdbjit.c
    C:\Program Files\Venv\C_Cpp\mingw-w64\x86_64-13.2.0-release-posix-seh-ucrt-rt_v11-rev0\mingw64\bin\x86_64-w64-mingw32-gcc.exe  -O2 -fomit-frame-pointer -Wall   -D_FILE_OFFSET_BITS=64 -D_LARGEFILE_SOURCE -U_FORTIFY_SOURCE  -DLUA_BUILD_AS_DLL   -c -o lj_ccall_dyn.o lj_ccall.c
    C:\Program Files\Venv\C_Cpp\mingw-w64\x86_64-13.2.0-release-posix-seh-ucrt-rt_v11-rev0\mingw64\bin\x86_64-w64-mingw32-gcc.exe  -O2 -fomit-frame-pointer -Wall   -D_FILE_OFFSET_BITS=64 -D_LARGEFILE_SOURCE -U_FORTIFY_SOURCE  -DLUA_BUILD_AS_DLL   -c -o lj_trace.o lj_trace.c
    CC        lj_ccallback.o
    C:\Program Files\Venv\C_Cpp\mingw-w64\x86_64-13.2.0-release-posix-seh-ucrt-rt_v11-rev0\mingw64\bin\x86_64-w64-mingw32-gcc.exe  -O2 -fomit-frame-pointer -Wall   -D_FILE_OFFSET_BITS=64 -D_LARGEFILE_SOURCE -U_FORTIFY_SOURCE  -DLUA_BUILD_AS_DLL   -c -o lj_ccallback_dyn.o lj_ccallback.c
    CC        lj_carith.o
    C:\Program Files\Venv\C_Cpp\mingw-w64\x86_64-13.2.0-release-posix-seh-ucrt-rt_v11-rev0\mingw64\bin\x86_64-w64-mingw32-gcc.exe  -O2 -fomit-frame-pointer -Wall   -D_FILE_OFFSET_BITS=64 -D_LARGEFILE_SOURCE -U_FORTIFY_SOURCE  -DLUA_BUILD_AS_DLL   -c -o lj_carith_dyn.o lj_carith.c
    CC        lj_clib.o
    C:\Program Files\Venv\C_Cpp\mingw-w64\x86_64-13.2.0-release-posix-seh-ucrt-rt_v11-rev0\mingw64\bin\x86_64-w64-mingw32-gcc.exe  -O2 -fomit-frame-pointer -Wall   -D_FILE_OFFSET_BITS=64 -D_LARGEFILE_SOURCE -U_FORTIFY_SOURCE  -DLUA_BUILD_AS_DLL   -c -o lj_clib_dyn.o lj_clib.c
    CC        lj_cparse.o
    C:\Program Files\Venv\C_Cpp\mingw-w64\x86_64-13.2.0-release-posix-seh-ucrt-rt_v11-rev0\mingw64\bin\x86_64-w64-mingw32-gcc.exe  -O2 -fomit-frame-pointer -Wall   -D_FILE_OFFSET_BITS=64 -D_LARGEFILE_SOURCE -U_FORTIFY_SOURCE  -DLUA_BUILD_AS_DLL   -c -o lj_cparse_dyn.o lj_cparse.c
    C:\Program Files\Venv\C_Cpp\mingw-w64\x86_64-13.2.0-release-posix-seh-ucrt-rt_v11-rev0\mingw64\bin\x86_64-w64-mingw32-gcc.exe  -O2 -fomit-frame-pointer -Wall   -D_FILE_OFFSET_BITS=64 -D_LARGEFILE_SOURCE -U_FORTIFY_SOURCE  -DLUA_BUILD_AS_DLL   -c -o lj_snap.o lj_snap.c
    CC        lj_lib.o
    C:\Program Files\Venv\C_Cpp\mingw-w64\x86_64-13.2.0-release-posix-seh-ucrt-rt_v11-rev0\mingw64\bin\x86_64-w64-mingw32-gcc.exe  -O2 -fomit-frame-pointer -Wall   -D_FILE_OFFSET_BITS=64 -D_LARGEFILE_SOURCE -U_FORTIFY_SOURCE  -DLUA_BUILD_AS_DLL   -c -o lj_lib_dyn.o lj_lib.c
    CC        lj_alloc.o
    C:\Program Files\Venv\C_Cpp\mingw-w64\x86_64-13.2.0-release-posix-seh-ucrt-rt_v11-rev0\mingw64\bin\x86_64-w64-mingw32-gcc.exe  -O2 -fomit-frame-pointer -Wall   -D_FILE_OFFSET_BITS=64 -D_LARGEFILE_SOURCE -U_FORTIFY_SOURCE  -DLUA_BUILD_AS_DLL   -c -o lj_alloc_dyn.o lj_alloc.c
    CC        lib_aux.o
    C:\Program Files\Venv\C_Cpp\mingw-w64\x86_64-13.2.0-release-posix-seh-ucrt-rt_v11-rev0\mingw64\bin\x86_64-w64-mingw32-gcc.exe  -O2 -fomit-frame-pointer -Wall   -D_FILE_OFFSET_BITS=64 -D_LARGEFILE_SOURCE -U_FORTIFY_SOURCE  -DLUA_BUILD_AS_DLL   -c -o lib_aux_dyn.o lib_aux.c
    CC        lib_package.o
    C:\Program Files\Venv\C_Cpp\mingw-w64\x86_64-13.2.0-release-posix-seh-ucrt-rt_v11-rev0\mingw64\bin\x86_64-w64-mingw32-gcc.exe  -O2 -fomit-frame-pointer -Wall   -D_FILE_OFFSET_BITS=64 -D_LARGEFILE_SOURCE -U_FORTIFY_SOURCE  -DLUA_BUILD_AS_DLL   -c -o lib_package_dyn.o lib_package.c
    HOSTLINK  host/minilua.exe
    CC        lib_init.o
    C:\Program Files\Venv\C_Cpp\mingw-w64\x86_64-13.2.0-release-posix-seh-ucrt-rt_v11-rev0\mingw64\bin\x86_64-w64-mingw32-gcc.exe  -O2 -fomit-frame-pointer -Wall   -D_FILE_OFFSET_BITS=64 -D_LARGEFILE_SOURCE -U_FORTIFY_SOURCE  -DLUA_BUILD_AS_DLL   -c -o lib_init_dyn.o lib_init.c
    C:\Program Files\Venv\C_Cpp\mingw-w64\x86_64-13.2.0-release-posix-seh-ucrt-rt_v11-rev0\mingw64\bin\x86_64-w64-mingw32-gcc.exe     -o host/minilua.exe host/minilua.o -lm   
    C:\Program Files\Venv\C_Cpp\mingw-w64\x86_64-13.2.0-release-posix-seh-ucrt-rt_v11-rev0\mingw64\bin\x86_64-w64-mingw32-gcc.exe  -O2 -fomit-frame-pointer -Wall   -D_FILE_OFFSET_BITS=64 -D_LARGEFILE_SOURCE -U_FORTIFY_SOURCE  -DLUA_BUILD_AS_DLL   -c -o lj_carith.o lj_carith.c
    C:\Program Files\Venv\C_Cpp\mingw-w64\x86_64-13.2.0-release-posix-seh-ucrt-rt_v11-rev0\mingw64\bin\x86_64-w64-mingw32-gcc.exe  -O2 -fomit-frame-pointer -Wall   -D_FILE_OFFSET_BITS=64 -D_LARGEFILE_SOURCE -U_FORTIFY_SOURCE  -DLUA_BUILD_AS_DLL   -c -o lj_ccall.o lj_ccall.c
    C:\Program Files\Venv\C_Cpp\mingw-w64\x86_64-13.2.0-release-posix-seh-ucrt-rt_v11-rev0\mingw64\bin\x86_64-w64-mingw32-gcc.exe  -O2 -fomit-frame-pointer -Wall   -D_FILE_OFFSET_BITS=64 -D_LARGEFILE_SOURCE -U_FORTIFY_SOURCE  -DLUA_BUILD_AS_DLL   -c -o lib_init.o lib_init.c
    VERSION   luajit.h
    [ -e ../.git ] && git show -s --format=%ct >luajit_relver.txt 2>/dev/null || cat ../.relver >luajit_relver.txt 2>/dev/null || :
    DYNASM    host/buildvm_arch.h
    host/minilua.exe ../dynasm/dynasm.lua  -D ENDIAN_LE -D P64 -D JIT -D FFI -D FPU -D HFABI -D VER= -D WIN -o host/buildvm_arch.h vm_x64.dasc
    C:\Program Files\Venv\C_Cpp\mingw-w64\x86_64-13.2.0-release-posix-seh-ucrt-rt_v11-rev0\mingw64\bin\x86_64-w64-mingw32-gcc.exe  -O2 -fomit-frame-pointer -Wall   -D_FILE_OFFSET_BITS=64 -D_LARGEFILE_SOURCE -U_FORTIFY_SOURCE  -DLUA_BUILD_AS_DLL   -c -o lj_ccallback.o lj_ccallback.c
    host/minilua.exe host/genversion.lua
    **** WARNING Cannot determine rolling release version from git log.
    **** WARNING The 'git' command must be available during the build.
    HOSTCC    host/buildvm.o
    C:\Program Files\Venv\C_Cpp\mingw-w64\x86_64-13.2.0-release-posix-seh-ucrt-rt_v11-rev0\mingw64\bin\x86_64-w64-mingw32-gcc.exe  -O2 -fomit-frame-pointer -Wall   -I. -DLUAJIT_TARGET=LUAJIT_ARCH_x64 -DLJ_ARCH_HASFPU=1 -DLJ_ABI_SOFTFP=0  -c -o host/buildvm.o host/buildvm.c
    CC        lj_state.o
    C:\Program Files\Venv\C_Cpp\mingw-w64\x86_64-13.2.0-release-posix-seh-ucrt-rt_v11-rev0\mingw64\bin\x86_64-w64-mingw32-gcc.exe  -O2 -fomit-frame-pointer -Wall   -D_FILE_OFFSET_BITS=64 -D_LARGEFILE_SOURCE -U_FORTIFY_SOURCE  -DLUA_BUILD_AS_DLL   -c -o lj_state_dyn.o lj_state.c
    CC        lj_profile.o
    C:\Program Files\Venv\C_Cpp\mingw-w64\x86_64-13.2.0-release-posix-seh-ucrt-rt_v11-rev0\mingw64\bin\x86_64-w64-mingw32-gcc.exe  -O2 -fomit-frame-pointer -Wall   -D_FILE_OFFSET_BITS=64 -D_LARGEFILE_SOURCE -U_FORTIFY_SOURCE  -DLUA_BUILD_AS_DLL   -c -o lj_profile_dyn.o lj_profile.c
    C:\Program Files\Venv\C_Cpp\mingw-w64\x86_64-13.2.0-release-posix-seh-ucrt-rt_v11-rev0\mingw64\bin\x86_64-w64-mingw32-gcc.exe  -O2 -fomit-frame-pointer -Wall   -D_FILE_OFFSET_BITS=64 -D_LARGEFILE_SOURCE -U_FORTIFY_SOURCE  -DLUA_BUILD_AS_DLL   -c -o lj_clib.o lj_clib.c
    CC        luajit.o
    C:\Program Files\Venv\C_Cpp\mingw-w64\x86_64-13.2.0-release-posix-seh-ucrt-rt_v11-rev0\mingw64\bin\x86_64-w64-mingw32-gcc.exe  -O2 -fomit-frame-pointer -Wall   -D_FILE_OFFSET_BITS=64 -D_LARGEFILE_SOURCE -U_FORTIFY_SOURCE  -DLUA_BUILD_AS_DLL   -c -o luajit.o luajit.c
    C:\Program Files\Venv\C_Cpp\mingw-w64\x86_64-13.2.0-release-posix-seh-ucrt-rt_v11-rev0\mingw64\bin\x86_64-w64-mingw32-gcc.exe  -O2 -fomit-frame-pointer -Wall   -D_FILE_OFFSET_BITS=64 -D_LARGEFILE_SOURCE -U_FORTIFY_SOURCE  -DLUA_BUILD_AS_DLL   -c -o lj_cparse.o lj_cparse.c
    C:\Program Files\Venv\C_Cpp\mingw-w64\x86_64-13.2.0-release-posix-seh-ucrt-rt_v11-rev0\mingw64\bin\x86_64-w64-mingw32-gcc.exe  -O2 -fomit-frame-pointer -Wall   -D_FILE_OFFSET_BITS=64 -D_LARGEFILE_SOURCE -U_FORTIFY_SOURCE  -DLUA_BUILD_AS_DLL   -c -o lj_lib.o lj_lib.c
    C:\Program Files\Venv\C_Cpp\mingw-w64\x86_64-13.2.0-release-posix-seh-ucrt-rt_v11-rev0\mingw64\bin\x86_64-w64-mingw32-gcc.exe  -O2 -fomit-frame-pointer -Wall   -D_FILE_OFFSET_BITS=64 -D_LARGEFILE_SOURCE -U_FORTIFY_SOURCE  -DLUA_BUILD_AS_DLL   -c -o lj_asm.o lj_asm.c
    C:\Program Files\Venv\C_Cpp\mingw-w64\x86_64-13.2.0-release-posix-seh-ucrt-rt_v11-rev0\mingw64\bin\x86_64-w64-mingw32-gcc.exe  -O2 -fomit-frame-pointer -Wall   -D_FILE_OFFSET_BITS=64 -D_LARGEFILE_SOURCE -U_FORTIFY_SOURCE  -DLUA_BUILD_AS_DLL   -c -o lib_aux.o lib_aux.c
    C:\Program Files\Venv\C_Cpp\mingw-w64\x86_64-13.2.0-release-posix-seh-ucrt-rt_v11-rev0\mingw64\bin\x86_64-w64-mingw32-gcc.exe  -O2 -fomit-frame-pointer -Wall   -D_FILE_OFFSET_BITS=64 -D_LARGEFILE_SOURCE -U_FORTIFY_SOURCE  -DLUA_BUILD_AS_DLL   -c -o lib_package.o lib_package.c
    C:\Program Files\Venv\C_Cpp\mingw-w64\x86_64-13.2.0-release-posix-seh-ucrt-rt_v11-rev0\mingw64\bin\x86_64-w64-mingw32-gcc.exe  -O2 -fomit-frame-pointer -Wall   -D_FILE_OFFSET_BITS=64 -D_LARGEFILE_SOURCE -U_FORTIFY_SOURCE  -DLUA_BUILD_AS_DLL   -c -o lj_alloc.o lj_alloc.c
    HOSTLINK  host/buildvm.exe
    C:\Program Files\Venv\C_Cpp\mingw-w64\x86_64-13.2.0-release-posix-seh-ucrt-rt_v11-rev0\mingw64\bin\x86_64-w64-mingw32-gcc.exe     -o host/buildvm.exe host/buildvm.o host/buildvm_asm.o host/buildvm_peobj.o host/buildvm_lib.o host/buildvm_fold.o   
    BUILDVM   lj_vm.o
    host/buildvm.exe -m peobj -o lj_vm.o
    BUILDVM   lj_ffdef.h
    BUILDVM   lj_bcdef.h
    BUILDVM   lj_folddef.h
    BUILDVM   lj_libdef.h
    BUILDVM   lj_recdef.h
    C:\Program Files\Venv\C_Cpp\mingw-w64\x86_64-13.2.0-release-posix-seh-ucrt-rt_v11-rev0\mingw64\bin\x86_64-w64-mingw32-gcc.exe  -O2 -fomit-frame-pointer -Wall   -D_FILE_OFFSET_BITS=64 -D_LARGEFILE_SOURCE -U_FORTIFY_SOURCE  -DLUA_BUILD_AS_DLL   -c -o lj_profile.o lj_profile.c
    BUILDVM   jit/vmdef.lua
    host/buildvm.exe -m ffdef -o lj_ffdef.h lib_base.c lib_math.c lib_bit.c lib_string.c lib_table.c lib_io.c lib_os.c lib_package.c lib_debug.c lib_jit.c lib_ffi.c lib_buffer.c
    C:\Program Files\Venv\C_Cpp\mingw-w64\x86_64-13.2.0-release-posix-seh-ucrt-rt_v11-rev0\mingw64\bin\x86_64-w64-mingw32-gcc.exe  -O2 -fomit-frame-pointer -Wall   -D_FILE_OFFSET_BITS=64 -D_LARGEFILE_SOURCE -U_FORTIFY_SOURCE  -DLUA_BUILD_AS_DLL   -c -o lj_state.o lj_state.c
    host/buildvm.exe -m bcdef -o lj_bcdef.h lib_base.c lib_math.c lib_bit.c lib_string.c lib_table.c lib_io.c lib_os.c lib_package.c lib_debug.c lib_jit.c lib_ffi.c lib_buffer.c
    host/buildvm.exe -m folddef -o lj_folddef.h lj_opt_fold.c
    host/buildvm.exe -m recdef -o lj_recdef.h lib_base.c lib_math.c lib_bit.c lib_string.c lib_table.c lib_io.c lib_os.c lib_package.c lib_debug.c lib_jit.c lib_ffi.c lib_buffer.c
    host/buildvm.exe -m libdef -o lj_libdef.h lib_base.c lib_math.c lib_bit.c lib_string.c lib_table.c lib_io.c lib_os.c lib_package.c lib_debug.c lib_jit.c lib_ffi.c lib_buffer.c
    host/buildvm.exe -m vmdef -o jit/vmdef.lua lib_base.c lib_math.c lib_bit.c lib_string.c lib_table.c lib_io.c lib_os.c lib_package.c lib_debug.c lib_jit.c lib_ffi.c lib_buffer.c
    CC        lj_err.o
    C:\Program Files\Venv\C_Cpp\mingw-w64\x86_64-13.2.0-release-posix-seh-ucrt-rt_v11-rev0\mingw64\bin\x86_64-w64-mingw32-gcc.exe  -O2 -fomit-frame-pointer -Wall   -D_FILE_OFFSET_BITS=64 -D_LARGEFILE_SOURCE -U_FORTIFY_SOURCE  -DLUA_BUILD_AS_DLL   -c -o lj_err_dyn.o lj_err.c
    CC        lj_bc.o
    C:\Program Files\Venv\C_Cpp\mingw-w64\x86_64-13.2.0-release-posix-seh-ucrt-rt_v11-rev0\mingw64\bin\x86_64-w64-mingw32-gcc.exe  -O2 -fomit-frame-pointer -Wall   -D_FILE_OFFSET_BITS=64 -D_LARGEFILE_SOURCE -U_FORTIFY_SOURCE  -DLUA_BUILD_AS_DLL   -c -o lj_bc_dyn.o lj_bc.c
    CC        lj_dispatch.o
    C:\Program Files\Venv\C_Cpp\mingw-w64\x86_64-13.2.0-release-posix-seh-ucrt-rt_v11-rev0\mingw64\bin\x86_64-w64-mingw32-gcc.exe  -O2 -fomit-frame-pointer -Wall   -D_FILE_OFFSET_BITS=64 -D_LARGEFILE_SOURCE -U_FORTIFY_SOURCE  -DLUA_BUILD_AS_DLL   -c -o lj_dispatch_dyn.o lj_dispatch.c
    CC        lj_opt_fold.o
    CC        lj_record.o
    C:\Program Files\Venv\C_Cpp\mingw-w64\x86_64-13.2.0-release-posix-seh-ucrt-rt_v11-rev0\mingw64\bin\x86_64-w64-mingw32-gcc.exe  -O2 -fomit-frame-pointer -Wall   -D_FILE_OFFSET_BITS=64 -D_LARGEFILE_SOURCE -U_FORTIFY_SOURCE  -DLUA_BUILD_AS_DLL   -c -o lj_opt_fold_dyn.o lj_opt_fold.c
    C:\Program Files\Venv\C_Cpp\mingw-w64\x86_64-13.2.0-release-posix-seh-ucrt-rt_v11-rev0\mingw64\bin\x86_64-w64-mingw32-gcc.exe  -O2 -fomit-frame-pointer -Wall   -D_FILE_OFFSET_BITS=64 -D_LARGEFILE_SOURCE -U_FORTIFY_SOURCE  -DLUA_BUILD_AS_DLL   -c -o lj_record_dyn.o lj_record.c
    CC        lj_ffrecord.o
    C:\Program Files\Venv\C_Cpp\mingw-w64\x86_64-13.2.0-release-posix-seh-ucrt-rt_v11-rev0\mingw64\bin\x86_64-w64-mingw32-gcc.exe  -O2 -fomit-frame-pointer -Wall   -D_FILE_OFFSET_BITS=64 -D_LARGEFILE_SOURCE -U_FORTIFY_SOURCE  -DLUA_BUILD_AS_DLL   -c -o lj_ffrecord_dyn.o lj_ffrecord.c
    CC        lj_crecord.o
    CC        lib_math.o
    C:\Program Files\Venv\C_Cpp\mingw-w64\x86_64-13.2.0-release-posix-seh-ucrt-rt_v11-rev0\mingw64\bin\x86_64-w64-mingw32-gcc.exe  -O2 -fomit-frame-pointer -Wall   -D_FILE_OFFSET_BITS=64 -D_LARGEFILE_SOURCE -U_FORTIFY_SOURCE  -DLUA_BUILD_AS_DLL   -c -o lib_math_dyn.o lib_math.c
    C:\Program Files\Venv\C_Cpp\mingw-w64\x86_64-13.2.0-release-posix-seh-ucrt-rt_v11-rev0\mingw64\bin\x86_64-w64-mingw32-gcc.exe  -O2 -fomit-frame-pointer -Wall   -D_FILE_OFFSET_BITS=64 -D_LARGEFILE_SOURCE -U_FORTIFY_SOURCE  -DLUA_BUILD_AS_DLL   -c -o lj_crecord_dyn.o lj_crecord.c
    CC        lib_base.o
    CC        lib_bit.o
    C:\Program Files\Venv\C_Cpp\mingw-w64\x86_64-13.2.0-release-posix-seh-ucrt-rt_v11-rev0\mingw64\bin\x86_64-w64-mingw32-gcc.exe  -O2 -fomit-frame-pointer -Wall   -D_FILE_OFFSET_BITS=64 -D_LARGEFILE_SOURCE -U_FORTIFY_SOURCE  -DLUA_BUILD_AS_DLL   -c -o lib_base_dyn.o lib_base.c
    CC        lib_string.o
    C:\Program Files\Venv\C_Cpp\mingw-w64\x86_64-13.2.0-release-posix-seh-ucrt-rt_v11-rev0\mingw64\bin\x86_64-w64-mingw32-gcc.exe  -O2 -fomit-frame-pointer -Wall   -D_FILE_OFFSET_BITS=64 -D_LARGEFILE_SOURCE -U_FORTIFY_SOURCE  -DLUA_BUILD_AS_DLL   -c -o lib_bit_dyn.o lib_bit.c
    C:\Program Files\Venv\C_Cpp\mingw-w64\x86_64-13.2.0-release-posix-seh-ucrt-rt_v11-rev0\mingw64\bin\x86_64-w64-mingw32-gcc.exe  -O2 -fomit-frame-pointer -Wall   -D_FILE_OFFSET_BITS=64 -D_LARGEFILE_SOURCE -U_FORTIFY_SOURCE  -DLUA_BUILD_AS_DLL   -c -o lib_string_dyn.o lib_string.c
    CC        lib_table.o
    C:\Program Files\Venv\C_Cpp\mingw-w64\x86_64-13.2.0-release-posix-seh-ucrt-rt_v11-rev0\mingw64\bin\x86_64-w64-mingw32-gcc.exe  -O2 -fomit-frame-pointer -Wall   -D_FILE_OFFSET_BITS=64 -D_LARGEFILE_SOURCE -U_FORTIFY_SOURCE  -DLUA_BUILD_AS_DLL   -c -o lib_table_dyn.o lib_table.c
    C:\Program Files\Venv\C_Cpp\mingw-w64\x86_64-13.2.0-release-posix-seh-ucrt-rt_v11-rev0\mingw64\bin\x86_64-w64-mingw32-gcc.exe  -O2 -fomit-frame-pointer -Wall   -D_FILE_OFFSET_BITS=64 -D_LARGEFILE_SOURCE -U_FORTIFY_SOURCE  -DLUA_BUILD_AS_DLL   -c -o lj_bc.o lj_bc.c
    CC        lib_io.o
    C:\Program Files\Venv\C_Cpp\mingw-w64\x86_64-13.2.0-release-posix-seh-ucrt-rt_v11-rev0\mingw64\bin\x86_64-w64-mingw32-gcc.exe  -O2 -fomit-frame-pointer -Wall   -D_FILE_OFFSET_BITS=64 -D_LARGEFILE_SOURCE -U_FORTIFY_SOURCE  -DLUA_BUILD_AS_DLL   -c -o lib_io_dyn.o lib_io.c
    CC        lib_os.o
    C:\Program Files\Venv\C_Cpp\mingw-w64\x86_64-13.2.0-release-posix-seh-ucrt-rt_v11-rev0\mingw64\bin\x86_64-w64-mingw32-gcc.exe  -O2 -fomit-frame-pointer -Wall   -D_FILE_OFFSET_BITS=64 -D_LARGEFILE_SOURCE -U_FORTIFY_SOURCE  -DLUA_BUILD_AS_DLL   -c -o lib_os_dyn.o lib_os.c
    CC        lib_debug.o
    C:\Program Files\Venv\C_Cpp\mingw-w64\x86_64-13.2.0-release-posix-seh-ucrt-rt_v11-rev0\mingw64\bin\x86_64-w64-mingw32-gcc.exe  -O2 -fomit-frame-pointer -Wall   -D_FILE_OFFSET_BITS=64 -D_LARGEFILE_SOURCE -U_FORTIFY_SOURCE  -DLUA_BUILD_AS_DLL   -c -o lib_debug_dyn.o lib_debug.c
    CC        lib_jit.o
    C:\Program Files\Venv\C_Cpp\mingw-w64\x86_64-13.2.0-release-posix-seh-ucrt-rt_v11-rev0\mingw64\bin\x86_64-w64-mingw32-gcc.exe  -O2 -fomit-frame-pointer -Wall   -D_FILE_OFFSET_BITS=64 -D_LARGEFILE_SOURCE -U_FORTIFY_SOURCE  -DLUA_BUILD_AS_DLL   -c -o lib_jit_dyn.o lib_jit.c
    C:\Program Files\Venv\C_Cpp\mingw-w64\x86_64-13.2.0-release-posix-seh-ucrt-rt_v11-rev0\mingw64\bin\x86_64-w64-mingw32-gcc.exe  -O2 -fomit-frame-pointer -Wall   -D_FILE_OFFSET_BITS=64 -D_LARGEFILE_SOURCE -U_FORTIFY_SOURCE  -DLUA_BUILD_AS_DLL   -c -o lib_math.o lib_math.c
    C:\Program Files\Venv\C_Cpp\mingw-w64\x86_64-13.2.0-release-posix-seh-ucrt-rt_v11-rev0\mingw64\bin\x86_64-w64-mingw32-gcc.exe  -O2 -fomit-frame-pointer -Wall   -D_FILE_OFFSET_BITS=64 -D_LARGEFILE_SOURCE -U_FORTIFY_SOURCE  -DLUA_BUILD_AS_DLL   -c -o lib_bit.o lib_bit.c
    C:\Program Files\Venv\C_Cpp\mingw-w64\x86_64-13.2.0-release-posix-seh-ucrt-rt_v11-rev0\mingw64\bin\x86_64-w64-mingw32-gcc.exe  -O2 -fomit-frame-pointer -Wall   -D_FILE_OFFSET_BITS=64 -D_LARGEFILE_SOURCE -U_FORTIFY_SOURCE  -DLUA_BUILD_AS_DLL   -c -o lib_table.o lib_table.c
    C:\Program Files\Venv\C_Cpp\mingw-w64\x86_64-13.2.0-release-posix-seh-ucrt-rt_v11-rev0\mingw64\bin\x86_64-w64-mingw32-gcc.exe  -O2 -fomit-frame-pointer -Wall   -D_FILE_OFFSET_BITS=64 -D_LARGEFILE_SOURCE -U_FORTIFY_SOURCE  -DLUA_BUILD_AS_DLL   -c -o lib_os.o lib_os.c
    C:\Program Files\Venv\C_Cpp\mingw-w64\x86_64-13.2.0-release-posix-seh-ucrt-rt_v11-rev0\mingw64\bin\x86_64-w64-mingw32-gcc.exe  -O2 -fomit-frame-pointer -Wall   -D_FILE_OFFSET_BITS=64 -D_LARGEFILE_SOURCE -U_FORTIFY_SOURCE  -DLUA_BUILD_AS_DLL   -c -o lib_debug.o lib_debug.c
    C:\Program Files\Venv\C_Cpp\mingw-w64\x86_64-13.2.0-release-posix-seh-ucrt-rt_v11-rev0\mingw64\bin\x86_64-w64-mingw32-gcc.exe  -O2 -fomit-frame-pointer -Wall   -D_FILE_OFFSET_BITS=64 -D_LARGEFILE_SOURCE -U_FORTIFY_SOURCE  -DLUA_BUILD_AS_DLL   -c -o lib_io.o lib_io.c
    CC        lib_ffi.o
    C:\Program Files\Venv\C_Cpp\mingw-w64\x86_64-13.2.0-release-posix-seh-ucrt-rt_v11-rev0\mingw64\bin\x86_64-w64-mingw32-gcc.exe  -O2 -fomit-frame-pointer -Wall   -D_FILE_OFFSET_BITS=64 -D_LARGEFILE_SOURCE -U_FORTIFY_SOURCE  -DLUA_BUILD_AS_DLL   -c -o lib_ffi_dyn.o lib_ffi.c
    CC        lib_buffer.o
    C:\Program Files\Venv\C_Cpp\mingw-w64\x86_64-13.2.0-release-posix-seh-ucrt-rt_v11-rev0\mingw64\bin\x86_64-w64-mingw32-gcc.exe  -O2 -fomit-frame-pointer -Wall   -D_FILE_OFFSET_BITS=64 -D_LARGEFILE_SOURCE -U_FORTIFY_SOURCE  -DLUA_BUILD_AS_DLL   -c -o lib_buffer_dyn.o lib_buffer.c
    C:\Program Files\Venv\C_Cpp\mingw-w64\x86_64-13.2.0-release-posix-seh-ucrt-rt_v11-rev0\mingw64\bin\x86_64-w64-mingw32-gcc.exe  -O2 -fomit-frame-pointer -Wall   -D_FILE_OFFSET_BITS=64 -D_LARGEFILE_SOURCE -U_FORTIFY_SOURCE  -DLUA_BUILD_AS_DLL   -c -o lib_string.o lib_string.c
    C:\Program Files\Venv\C_Cpp\mingw-w64\x86_64-13.2.0-release-posix-seh-ucrt-rt_v11-rev0\mingw64\bin\x86_64-w64-mingw32-gcc.exe  -O2 -fomit-frame-pointer -Wall   -D_FILE_OFFSET_BITS=64 -D_LARGEFILE_SOURCE -U_FORTIFY_SOURCE  -DLUA_BUILD_AS_DLL   -c -o lib_buffer.o lib_buffer.c
    C:\Program Files\Venv\C_Cpp\mingw-w64\x86_64-13.2.0-release-posix-seh-ucrt-rt_v11-rev0\mingw64\bin\x86_64-w64-mingw32-gcc.exe  -O2 -fomit-frame-pointer -Wall   -D_FILE_OFFSET_BITS=64 -D_LARGEFILE_SOURCE -U_FORTIFY_SOURCE  -DLUA_BUILD_AS_DLL   -c -o lib_ffi.o lib_ffi.c
    C:\Program Files\Venv\C_Cpp\mingw-w64\x86_64-13.2.0-release-posix-seh-ucrt-rt_v11-rev0\mingw64\bin\x86_64-w64-mingw32-gcc.exe  -O2 -fomit-frame-pointer -Wall   -D_FILE_OFFSET_BITS=64 -D_LARGEFILE_SOURCE -U_FORTIFY_SOURCE  -DLUA_BUILD_AS_DLL   -c -o lj_err.o lj_err.c
    C:\Program Files\Venv\C_Cpp\mingw-w64\x86_64-13.2.0-release-posix-seh-ucrt-rt_v11-rev0\mingw64\bin\x86_64-w64-mingw32-gcc.exe  -O2 -fomit-frame-pointer -Wall   -D_FILE_OFFSET_BITS=64 -D_LARGEFILE_SOURCE -U_FORTIFY_SOURCE  -DLUA_BUILD_AS_DLL   -c -o lj_dispatch.o lj_dispatch.c
    C:\Program Files\Venv\C_Cpp\mingw-w64\x86_64-13.2.0-release-posix-seh-ucrt-rt_v11-rev0\mingw64\bin\x86_64-w64-mingw32-gcc.exe  -O2 -fomit-frame-pointer -Wall   -D_FILE_OFFSET_BITS=64 -D_LARGEFILE_SOURCE -U_FORTIFY_SOURCE  -DLUA_BUILD_AS_DLL   -c -o lib_jit.o lib_jit.c
    C:\Program Files\Venv\C_Cpp\mingw-w64\x86_64-13.2.0-release-posix-seh-ucrt-rt_v11-rev0\mingw64\bin\x86_64-w64-mingw32-gcc.exe  -O2 -fomit-frame-pointer -Wall   -D_FILE_OFFSET_BITS=64 -D_LARGEFILE_SOURCE -U_FORTIFY_SOURCE  -DLUA_BUILD_AS_DLL   -c -o lib_base.o lib_base.c
    C:\Program Files\Venv\C_Cpp\mingw-w64\x86_64-13.2.0-release-posix-seh-ucrt-rt_v11-rev0\mingw64\bin\x86_64-w64-mingw32-gcc.exe  -O2 -fomit-frame-pointer -Wall   -D_FILE_OFFSET_BITS=64 -D_LARGEFILE_SOURCE -U_FORTIFY_SOURCE  -DLUA_BUILD_AS_DLL   -c -o lj_opt_fold.o lj_opt_fold.c
    C:\Program Files\Venv\C_Cpp\mingw-w64\x86_64-13.2.0-release-posix-seh-ucrt-rt_v11-rev0\mingw64\bin\x86_64-w64-mingw32-gcc.exe  -O2 -fomit-frame-pointer -Wall   -D_FILE_OFFSET_BITS=64 -D_LARGEFILE_SOURCE -U_FORTIFY_SOURCE  -DLUA_BUILD_AS_DLL   -c -o lj_ffrecord.o lj_ffrecord.c
    C:\Program Files\Venv\C_Cpp\mingw-w64\x86_64-13.2.0-release-posix-seh-ucrt-rt_v11-rev0\mingw64\bin\x86_64-w64-mingw32-gcc.exe  -O2 -fomit-frame-pointer -Wall   -D_FILE_OFFSET_BITS=64 -D_LARGEFILE_SOURCE -U_FORTIFY_SOURCE  -DLUA_BUILD_AS_DLL   -c -o lj_record.o lj_record.c
    C:\Program Files\Venv\C_Cpp\mingw-w64\x86_64-13.2.0-release-posix-seh-ucrt-rt_v11-rev0\mingw64\bin\x86_64-w64-mingw32-gcc.exe  -O2 -fomit-frame-pointer -Wall   -D_FILE_OFFSET_BITS=64 -D_LARGEFILE_SOURCE -U_FORTIFY_SOURCE  -DLUA_BUILD_AS_DLL   -c -o lj_crecord.o lj_crecord.c
    DYNLINK   lua51.dll
    C:\Program Files\Venv\C_Cpp\mingw-w64\x86_64-13.2.0-release-posix-seh-ucrt-rt_v11-rev0\mingw64\bin\x86_64-w64-mingw32-gcc.exe   -shared -Wl,--out-implib,libluajit-5.1.dll.a   -o lua51.dll lj_vm.o lj_assert.o lj_gc.o lj_err.o lj_char.o lj_bc.o lj_obj.o lj_buf.o lj_str.o lj_tab.o lj_func.o lj_udata.o lj_meta.o lj_debug.o lj_prng.o lj_state.o lj_dispatch.o lj_vmevent.o lj_vmmath.o lj_strscan.o lj_strfmt.o lj_strfmt_num.o lj_serialize.o lj_api.o lj_profile.o lj_lex.o lj_parse.o lj_bcread.o lj_bcwrite.o lj_load.o lj_ir.o lj_opt_mem.o lj_opt_fold.o lj_opt_narrow.o lj_opt_dce.o lj_opt_loop.o lj_opt_split.o lj_opt_sink.o lj_mcode.o lj_snap.o lj_record.o lj_crecord.o lj_ffrecord.o lj_asm.o lj_trace.o lj_gdbjit.o lj_ctype.o lj_cdata.o lj_cconv.o lj_ccall.o lj_ccallback.o lj_carith.o lj_clib.o lj_cparse.o lj_lib.o lj_alloc.o lib_aux.o lib_base.o lib_math.o lib_bit.o lib_string.o lib_table.o lib_io.o lib_os.o lib_package.o lib_debug.o lib_jit.o lib_ffi.o lib_buffer.o lib_init.o -lm  
    C:\Program Files\Venv\C_Cpp\mingw-w64\x86_64-13.2.0-release-posix-seh-ucrt-rt_v11-rev0\mingw64\bin\strip.exe lua51.dll
    LINK      luajit.exe
    C:\Program Files\Venv\C_Cpp\mingw-w64\x86_64-13.2.0-release-posix-seh-ucrt-rt_v11-rev0\mingw64\bin\x86_64-w64-mingw32-gcc.exe      -o luajit.exe luajit.o lua51.dll -lm  
    C:\Program Files\Venv\C_Cpp\mingw-w64\x86_64-13.2.0-release-posix-seh-ucrt-rt_v11-rev0\mingw64\bin\strip.exe luajit.exe
    OK        Successfully built LuaJIT
  [OK] luajit4cj-windows-x86_64-release-shared 编译并打包: C:\workspace\Web\24w\three.cj\cxx\dist\luajit4cj-windows-x86_64-release-shared-mingw.zip

============================================================
  汇总报告
============================================================
  [OK]   luajit4cj-windows-x86_64-release-static-mingw        zip: C:\workspace\Web\24w\three.cj\cxx\dist\luajit4cj-windows-x86_64-release-static-mingw.zip
  [OK]   luajit4cj-windows-x86_64-release-shared-mingw        zip: C:\workspace\Web\24w\three.cj\cxx\dist\luajit4cj-windows-x86_64-release-shared-mingw.zip
============================================================
  全部组合编译打包完成
============================================================
